---
http_interactions:
- request:
    method: get
    uri: https://nuagenetworkhost:8443/nuage/api/v5_0/me
    body:
      encoding: US-ASCII
      string: ''
    headers:
      Accept:
      - "*/*"
      Accept-Encoding:
      - gzip, deflate
      User-Agent:
      - rest-client/2.0.2 (linux-gnu x86_64) ruby/2.4.0p0
      X-Nuage-Organization:
      - csp
      Content-Type:
      - application/json; charset=UTF-8
      Authorization:
      - Basic NUAGE_NETWORK_AUTHORIZATION
  response:
    status:
      code: 200
      message: OK
    headers:
      Server:
      - Apache-Coyote/1.1
      Pragma:
      - No-cache
      Cache-Control:
      - no-cache
      Expires:
      - Thu, 01 Jan 1970 01:00:00 CET
      Set-Cookie:
      - rememberMe=deleteMe; Path=/nuage; Max-Age=0; Expires=Tue, 17-Oct-2017 13:40:28
        GMT
      Access-Control-Allow-Origin:
      - "*"
      Access-Control-Expose-Headers:
      - X-Nuage-Organization, X-Nuage-ProxyUser, X-Nuage-OrderBy, X-Nuage-FilterType,
        X-Nuage-Filter, X-Nuage-Page, X-Nuage-PageSize, X-Nuage-Count, X-Nuage-Custom,
        X-Nuage-ClientType
      Content-Type:
      - application/json
      Transfer-Encoding:
      - chunked
      Content-Encoding:
      - gzip
      Vary:
      - Accept-Encoding
      Date:
      - Wed, 18 Oct 2017 13:40:27 GMT
    body:
      encoding: ASCII-8BIT
      string: '[{"firstName":"XLAB","lastName":"User","userName":"xlab","email":"xlab@localhost","mobileNumber":null,"password":null,"role":"CSPROOT","enterpriseName":"CSP","avatarType":null,"avatarData":null,"licenseCapabilities":["ENCRYPTION_ENABLED"],"statisticsEnabled":false,"statsTSDBServerAddress":"localhost:4242","flowCollectionEnabled":false,"externalId":null,"entityScope":null,"ID":"5dcc7f62-7b40-4179-bdff-26bfe89eb024","APIKey":"5d442e8d-06b9-4c45-973f-4d93dda640c7","APIKeyExpiry":1508401754069,"enterpriseID":"76046673-d0ea-4a67-b6af-2829952f0812","externalID":null}]'
    http_version:
  recorded_at: Wed, 18 Oct 2017 13:40:28 GMT
- request:
    method: get
    uri: https://nuagenetworkhost:8443/nuage/api/v5_0/subnets/d60d316a-c1ac-4412-813c-9652bdbc4e41
    body:
      encoding: US-ASCII
      string: ''
    headers:
      Accept:
      - "*/*"
      Accept-Encoding:
      - gzip, deflate
      User-Agent:
      - rest-client/2.0.2 (linux-gnu x86_64) ruby/2.4.0p0
      X-Nuage-Organization:
      - csp
      Content-Type:
      - application/json; charset=UTF-8
      X-Nuage-Filtertype:
      - predicate
      X-Nuage-Filter:
      - name ISNOT 'BackHaulSubnet'
      Authorization:
      - Basic eGxhYjo1ZDQ0MmU4ZC0wNmI5LTRjNDUtOTczZi00ZDkzZGRhNjQwYzc=
  response:
    status:
      code: 200
      message: OK
    headers:
      Server:
      - Apache-Coyote/1.1
      Pragma:
      - No-cache
      Cache-Control:
      - no-cache
      Expires:
      - Thu, 01 Jan 1970 01:00:00 CET
      Set-Cookie:
      - rememberMe=deleteMe; Path=/nuage; Max-Age=0; Expires=Tue, 17-Oct-2017 13:40:28
        GMT
      Access-Control-Allow-Origin:
      - "*"
      X-Nuage-Filtertype:
      - predicate
      Access-Control-Expose-Headers:
      - X-Nuage-Organization, X-Nuage-ProxyUser, X-Nuage-OrderBy, X-Nuage-FilterType,
        X-Nuage-Filter, X-Nuage-Page, X-Nuage-PageSize, X-Nuage-Count, X-Nuage-Custom,
        X-Nuage-ClientType
      X-Nuage-Filter:
      - name ISNOT 'BackHaulSubnet'
      Content-Type:
      - application/json
      Transfer-Encoding:
      - chunked
      Content-Encoding:
      - gzip
      Vary:
      - Accept-Encoding
      Date:
      - Wed, 18 Oct 2017 13:40:27 GMT
    body:
      encoding: ASCII-8BIT
      string: '[{"children":null,"parentType":"zone","entityScope":"ENTERPRISE","lastUpdatedBy":"8a6f0e20-a4db-4878-ad84-9cc61756cd5e","lastUpdatedDate":1501769601000,"creationDate":1501769443000,"address":"10.10.20.0","netmask":"255.255.255.0","name":"Subnet
        1","dynamicIpv6Address":true,"gateway":"10.10.20.1","description":null,"maintenanceMode":"DISABLED","routeDistinguisher":"65534:25738","routeTarget":"65534:4633","vnId":10811344,"underlayEnabled":"INHERITED","underlay":false,"entityState":null,"splitSubnet":false,"encryption":"INHERITED","owner":"8a6f0e20-a4db-4878-ad84-9cc61756cd5e","ID":"d60d316a-c1ac-4412-813c-9652bdbc4e41","parentID":"6256954b-9dd6-43ed-94ff-9daa683ab8b0","externalID":null,"IPv6Address":null,"IPType":"IPV4","IPv6Gateway":null,"serviceID":1809852655,"gatewayMACAddress":"68:54:ED:00:BA:A2","PATEnabled":"INHERITED","policyGroupID":1122598490,"public":false,"templateID":null,"associatedSharedNetworkResourceID":null,"DHCPRelayStatus":"DISABLED","proxyARP":false,"multicast":"INHERITED","associatedMulticastChannelMapID":null,"DPI":"INHERITED","useGlobalMAC":"DISABLED"}]'
    http_version:
  recorded_at: Wed, 18 Oct 2017 13:40:28 GMT
- request:
    method: get
    uri: https://nuagenetworkhost:8443/nuage/api/v5_0/zones/6256954b-9dd6-43ed-94ff-9daa683ab8b0
    body:
      encoding: US-ASCII
      string: ''
    headers:
      Accept:
      - "*/*"
      Accept-Encoding:
      - gzip, deflate
      User-Agent:
      - rest-client/2.0.2 (linux-gnu x86_64) ruby/2.4.0p0
      X-Nuage-Organization:
      - csp
      Content-Type:
      - application/json; charset=UTF-8
      X-Nuage-Filtertype:
      - predicate
      X-Nuage-Filter:
      - name ISNOT 'BackHaulZone'
      Authorization:
      - Basic eGxhYjo1ZDQ0MmU4ZC0wNmI5LTRjNDUtOTczZi00ZDkzZGRhNjQwYzc=
  response:
    status:
      code: 200
      message: OK
    headers:
      Server:
      - Apache-Coyote/1.1
      Pragma:
      - No-cache
      Cache-Control:
      - no-cache
      Expires:
      - Thu, 01 Jan 1970 01:00:00 CET
      Set-Cookie:
      - rememberMe=deleteMe; Path=/nuage; Max-Age=0; Expires=Tue, 17-Oct-2017 13:40:28
        GMT
      Access-Control-Allow-Origin:
      - "*"
      X-Nuage-Filtertype:
      - predicate
      Access-Control-Expose-Headers:
      - X-Nuage-Organization, X-Nuage-ProxyUser, X-Nuage-OrderBy, X-Nuage-FilterType,
        X-Nuage-Filter, X-Nuage-Page, X-Nuage-PageSize, X-Nuage-Count, X-Nuage-Custom,
        X-Nuage-ClientType
      X-Nuage-Filter:
      - name ISNOT 'BackHaulZone'
      Content-Type:
      - application/json
      Transfer-Encoding:
      - chunked
      Content-Encoding:
      - gzip
      Vary:
      - Accept-Encoding
      Date:
      - Wed, 18 Oct 2017 13:40:28 GMT
    body:
      encoding: ASCII-8BIT
      string: '[{"children":null,"parentType":"domain","entityScope":"ENTERPRISE","lastUpdatedBy":"8a6f0e20-a4db-4878-ad84-9cc61756cd5e","lastUpdatedDate":1501769433000,"creationDate":1501769433000,"address":null,"netmask":null,"name":"Zone
        1","dynamicIpv6Address":null,"description":null,"maintenanceMode":"DISABLED","publicZone":false,"encryption":"INHERITED","owner":"8a6f0e20-a4db-4878-ad84-9cc61756cd5e","ID":"6256954b-9dd6-43ed-94ff-9daa683ab8b0","parentID":"75ad8ee8-726c-4950-94bc-6a5aab64631d","externalID":null,"IPv6Address":null,"IPType":"IPV4","numberOfHostsInSubnets":0,"templateID":null,"policyGroupID":1955040208,"multicast":"INHERITED","associatedMulticastChannelMapID":null,"DPI":"INHERITED"}]'
    http_version:
  recorded_at: Wed, 18 Oct 2017 13:40:28 GMT
recorded_with: VCR 3.0.3
