---
http_interactions:
- request:
    method: get
    uri: https://nuagenetworkhost:8443/nuage/api/v5_0/me
    body:
      encoding: US-ASCII
      string: ''
    headers:
      Accept:
      - "*/*"
      Accept-Encoding:
      - gzip, deflate
      User-Agent:
      - rest-client/2.0.2 (linux-gnu x86_64) ruby/2.4.3p205
      X-Nuage-Organization:
      - csp
      Content-Type:
      - application/json; charset=UTF-8
      Authorization:
      - Basic NUAGE_NETWORK_AUTHORIZATION
  response:
    status:
      code: 200
      message: OK
    headers:
      Server:
      - Apache-Coyote/1.1
      Pragma:
      - No-cache
      Cache-Control:
      - no-cache
      Expires:
      - Thu, 01 Jan 1970 01:00:00 CET
      Set-Cookie:
      - rememberMe=deleteMe; Path=/nuage; Max-Age=0; Expires=Thu, 19-Jul-2018 14:11:56
        GMT
      Access-Control-Allow-Origin:
      - "*"
      Access-Control-Expose-Headers:
      - X-Nuage-Organization, X-Nuage-ProxyUser, X-Nuage-OrderBy, X-Nuage-FilterType,
        X-Nuage-Filter, X-Nuage-Page, X-Nuage-PageSize, X-Nuage-Count, X-Nuage-Custom,
        X-Nuage-ClientType
      Content-Type:
      - application/json
      Transfer-Encoding:
      - chunked
      Vary:
      - Accept-Encoding
      Date:
      - Fri, 20 Jul 2018 14:11:56 GMT
    body:
      encoding: ASCII-8BIT
      string: '[{"firstName":"XLAB","lastName":"User","userName":"NUAGE_NETWORK_USERID","email":"NUAGE_NETWORK_USERID@localhost","mobileNumber":null,"password":null,"role":"CSPROOT","enterpriseName":"CSP","avatarType":null,"avatarData":null,"licenseCapabilities":["ENCRYPTION_ENABLED"],"statisticsEnabled":false,"statsTSDBServerAddress":"localhost:4242","flowCollectionEnabled":false,"vssStatsInterval":30,"aarFlowStatsInterval":30,"aarProbeStatsInterval":30,"entityScope":null,"externalId":null,"ID":"5dcc7f62-7b40-4179-bdff-26bfe89eb024","APIKey":"357c861e-69b1-4daa-b482-7583ee1307a7","APIKeyExpiry":1532162751659,"enterpriseID":"76046673-d0ea-4a67-b6af-2829952f0812","externalID":null}]'
    http_version:
  recorded_at: Fri, 20 Jul 2018 14:11:56 GMT
- request:
    method: get
    uri: https://nuagenetworkhost:8443/nuage/api/v5_0/vports/43b7faad-2c76-4945-9412-66a04bde7b6a
    body:
      encoding: US-ASCII
      string: ''
    headers:
      Accept:
      - "*/*"
      Accept-Encoding:
      - gzip, deflate
      User-Agent:
      - rest-client/2.0.2 (linux-gnu x86_64) ruby/2.4.3p205
      X-Nuage-Organization:
      - csp
      Content-Type:
      - application/json; charset=UTF-8
      Authorization:
      - Basic eGxhYjozNTdjODYxZS02OWIxLTRkYWEtYjQ4Mi03NTgzZWUxMzA3YTc=
  response:
    status:
      code: 200
      message: OK
    headers:
      Server:
      - Apache-Coyote/1.1
      Pragma:
      - No-cache
      Cache-Control:
      - no-cache
      Expires:
      - Thu, 01 Jan 1970 01:00:00 CET
      Set-Cookie:
      - rememberMe=deleteMe; Path=/nuage; Max-Age=0; Expires=Thu, 19-Jul-2018 14:11:56
        GMT
      Access-Control-Allow-Origin:
      - "*"
      Access-Control-Expose-Headers:
      - X-Nuage-Organization, X-Nuage-ProxyUser, X-Nuage-OrderBy, X-Nuage-FilterType,
        X-Nuage-Filter, X-Nuage-Page, X-Nuage-PageSize, X-Nuage-Count, X-Nuage-Custom,
        X-Nuage-ClientType
      Content-Type:
      - application/json
      Transfer-Encoding:
      - chunked
      Vary:
      - Accept-Encoding
      Date:
      - Fri, 20 Jul 2018 14:11:56 GMT
    body:
      encoding: ASCII-8BIT
      string: '[{"children":null,"parentType":"subnet","entityScope":"ENTERPRISE","lastUpdatedBy":"43f8868f-4bc1-472c-9d19-533dcfcb1ee0","lastUpdatedDate":1528394448000,"creationDate":1528394447000,"name":"Bridge
        VPort ad817d5a","gatewayMACMoveRole":"TERTIARY","trunkRole":null,"type":"BRIDGE","subType":"NONE","description":null,"systemType":"HARDWARE","addressSpoofing":"ENABLED","active":false,"operationalState":"INIT","peerOperationalState":null,"segmentationType":null,"owner":"8a6f0e20-a4db-4878-ad84-9cc61756cd5e","ID":"43b7faad-2c76-4945-9412-66a04bde7b6a","parentID":"aaaaaaaa-bbbb-cccc-dddd-eeeeeeeeeeee","externalID":null,"assocEntityID":"5c23e830-308d-4611-97f5-50262d43fc33","domainID":"8010cb8a-e40f-4f68-b27b-503e8befb570","zoneID":"54a37c02-b5e7-4e46-bb4e-ca4090bb31da","multiNICVPortID":null,"VLANID":"a9c1a7ab-46ac-49ec-86a8-3eecc297ee40","associatedFloatingIPID":null,"hasAttachedInterfaces":true,"multicast":"INHERITED","associatedMulticastChannelMapID":null,"DPI":"INHERITED","associatedSendMulticastChannelMapID":null,"associatedTrunkID":null,"segmentationID":null,"associatedSSID":null}]'
    http_version:
  recorded_at: Fri, 20 Jul 2018 14:11:56 GMT
- request:
    method: get
    uri: https://nuagenetworkhost:8443/nuage/api/v5_0/vports/43b7faad-2c76-4945-9412-66a04bde7b6a/policygroups
    body:
      encoding: US-ASCII
      string: ''
    headers:
      Accept:
      - "*/*"
      Accept-Encoding:
      - gzip, deflate
      User-Agent:
      - rest-client/2.0.2 (linux-gnu x86_64) ruby/2.4.3p205
      X-Nuage-Organization:
      - csp
      Content-Type:
      - application/json; charset=UTF-8
      Authorization:
      - Basic eGxhYjozNTdjODYxZS02OWIxLTRkYWEtYjQ4Mi03NTgzZWUxMzA3YTc=
  response:
    status:
      code: 200
      message: OK
    headers:
      Server:
      - Apache-Coyote/1.1
      Pragma:
      - No-cache
      Cache-Control:
      - no-cache
      Expires:
      - Thu, 01 Jan 1970 01:00:00 CET
      Set-Cookie:
      - rememberMe=deleteMe; Path=/nuage; Max-Age=0; Expires=Thu, 19-Jul-2018 14:11:56
        GMT
      Access-Control-Allow-Origin:
      - "*"
      X-Nuage-Orderby:
      - name ASC
      X-Nuage-Count:
      - '0'
      Access-Control-Expose-Headers:
      - X-Nuage-Organization, X-Nuage-ProxyUser, X-Nuage-OrderBy, X-Nuage-FilterType,
        X-Nuage-Filter, X-Nuage-Page, X-Nuage-PageSize, X-Nuage-Count, X-Nuage-Custom,
        X-Nuage-ClientType
      Content-Length:
      - '0'
      Date:
      - Fri, 20 Jul 2018 14:11:56 GMT
    body:
      encoding: UTF-8
      string: ''
    http_version:
  recorded_at: Fri, 20 Jul 2018 14:11:56 GMT
recorded_with: VCR 3.0.3
