---
http_interactions:
- request:
    method: get
    uri: https://nuagenetworkhost:8443/nuage/api/v5_0/me
    body:
      encoding: US-ASCII
      string: ''
    headers:
      Accept:
      - "*/*"
      Accept-Encoding:
      - gzip, deflate
      User-Agent:
      - rest-client/2.0.2 (darwin16.0.0 x86_64) ruby/2.3.1p112
      X-Nuage-Organization:
      - csp
      Content-Type:
      - application/json; charset=UTF-8
      Authorization:
      - Basic NUAGE_NETWORK_AUTHORIZATION
  response:
    status:
      code: 200
      message: OK
    headers:
      Server:
      - Apache-Coyote/1.1
      Pragma:
      - No-cache
      Cache-Control:
      - no-cache
      Expires:
      - Thu, 01 Jan 1970 01:00:00 CET
      Set-Cookie:
      - rememberMe=deleteMe; Path=/nuage; Max-Age=0; Expires=Tue, 22-Aug-2017 15:27:29
        GMT
      Access-Control-Allow-Origin:
      - "*"
      Access-Control-Expose-Headers:
      - X-Nuage-Organization, X-Nuage-ProxyUser, X-Nuage-OrderBy, X-Nuage-FilterType,
        X-Nuage-Filter, X-Nuage-Page, X-Nuage-PageSize, X-Nuage-Count, X-Nuage-Custom,
        X-Nuage-ClientType
      Content-Type:
      - application/json
      Transfer-Encoding:
      - chunked
      Content-Encoding:
      - gzip
      Vary:
      - Accept-Encoding
      Date:
      - Wed, 23 Aug 2017 15:27:29 GMT
    body:
      encoding: ASCII-8BIT
      string: '[{"firstName":"XLAB","lastName":"User","userName":"xlab","email":"xlab@localhost","mobileNumber":null,"password":null,"role":"CSPROOT","enterpriseName":"CSP","avatarType":null,"avatarData":null,"licenseCapabilities":["ENCRYPTION_ENABLED"],"statisticsEnabled":false,"statsTSDBServerAddress":"localhost:4242","flowCollectionEnabled":false,"entityScope":null,"externalId":null,"ID":"5dcc7f62-7b40-4179-bdff-26bfe89eb024","APIKey":"733d6b10-2a7b-48b2-9578-b0a8bff42920","APIKeyExpiry":1503588433835,"enterpriseID":"76046673-d0ea-4a67-b6af-2829952f0812","externalID":null}]'
    http_version:
  recorded_at: Wed, 23 Aug 2017 15:27:30 GMT
- request:
    method: get
    uri: https://nuagenetworkhost:8443/nuage/api/v5_0/enterprises
    body:
      encoding: US-ASCII
      string: ''
    headers:
      Accept:
      - "*/*"
      Accept-Encoding:
      - gzip, deflate
      User-Agent:
      - rest-client/2.0.2 (darwin16.0.0 x86_64) ruby/2.3.1p112
      X-Nuage-Organization:
      - csp
      Content-Type:
      - application/json; charset=UTF-8
      Authorization:
      - Basic eGxhYjo3MzNkNmIxMC0yYTdiLTQ4YjItOTU3OC1iMGE4YmZmNDI5MjA=
  response:
    status:
      code: 200
      message: OK
    headers:
      Server:
      - Apache-Coyote/1.1
      Pragma:
      - No-cache
      Cache-Control:
      - no-cache
      Expires:
      - Thu, 01 Jan 1970 01:00:00 CET
      Set-Cookie:
      - rememberMe=deleteMe; Path=/nuage; Max-Age=0; Expires=Tue, 22-Aug-2017 15:27:29
        GMT
      Access-Control-Allow-Origin:
      - "*"
      X-Nuage-Orderby:
      - name ASC
      X-Nuage-Count:
      - '2'
      Access-Control-Expose-Headers:
      - X-Nuage-Organization, X-Nuage-ProxyUser, X-Nuage-OrderBy, X-Nuage-FilterType,
        X-Nuage-Filter, X-Nuage-Page, X-Nuage-PageSize, X-Nuage-Count, X-Nuage-Custom,
        X-Nuage-ClientType
      Content-Type:
      - application/json
      Transfer-Encoding:
      - chunked
      Content-Encoding:
      - gzip
      Vary:
      - Accept-Encoding
      Date:
      - Wed, 23 Aug 2017 15:27:29 GMT
    body:
      encoding: ASCII-8BIT
      string: '[{"children":null,"parentType":null,"entityScope":"ENTERPRISE","lastUpdatedBy":"43f8868f-4bc1-472c-9d19-533dcfcb1ee0","lastUpdatedDate":1503502044000,"creationDate":1503502044000,"name":"Ansible-Test","description":"Created
        by Ansible","avatarType":null,"avatarData":null,"floatingIPsQuota":16,"floatingIPsUsed":0,"allowTrustedForwardingClass":false,"allowAdvancedQOSConfiguration":false,"allowedForwardingClasses":["H"],"allowGatewayManagement":false,"enableApplicationPerformanceManagement":false,"encryptionManagementMode":"DISABLED","localAS":null,"dictionaryVersion":2,"allowedForwardingMode":null,"owner":"d2dc3ac6-01a4-4755-8686-e0be7f36f088","ID":"713d0ba0-dea8-44b4-8ac7-6cab9dc321a7","parentID":null,"externalID":null,"customerID":67552,"DHCPLeaseInterval":24,"enterpriseProfileID":"f1e5eb19-c67a-4651-90c1-3f84e23e1d36","receiveMultiCastListID":"081169f6-cb2f-4c6e-8e94-b701224a5141","sendMultiCastListID":"738446cc-026f-488f-9718-b13f4390857b","associatedGroupKeyEncryptionProfileID":"45e93a01-63dd-462d-8b61-eae07afb2294","associatedEnterpriseSecurityID":"4505fedb-ee08-44e6-bc39-8cb3cb5ad2f6","associatedKeyServerMonitorID":"99593c62-5e76-453d-bcef-bc228d5e7f53","LDAPEnabled":false,"LDAPAuthorizationEnabled":false,"BGPEnabled":false},{"children":null,"parentType":null,"entityScope":"ENTERPRISE","lastUpdatedBy":"43f8868f-4bc1-472c-9d19-533dcfcb1ee0","lastUpdatedDate":1501762754000,"creationDate":1501762754000,"name":"XLAB","description":null,"avatarType":null,"avatarData":null,"floatingIPsQuota":100,"floatingIPsUsed":0,"allowTrustedForwardingClass":true,"allowAdvancedQOSConfiguration":true,"allowedForwardingClasses":["A","B","C","D","E","F","G","H"],"allowGatewayManagement":true,"enableApplicationPerformanceManagement":true,"encryptionManagementMode":"DISABLED","localAS":null,"dictionaryVersion":2,"allowedForwardingMode":null,"owner":"8a6f0e20-a4db-4878-ad84-9cc61756cd5e","ID":"e0819464-e7fc-4a37-b29a-e72da7b5956c","parentID":null,"externalID":null,"customerID":10004,"DHCPLeaseInterval":24,"enterpriseProfileID":"18f24e49-d008-49e7-bb4b-bd548f15be68","receiveMultiCastListID":"53eafce1-e9d6-404f-b6c8-f79965bfcb75","sendMultiCastListID":"1b55bda3-3e71-408e-ad08-bb0cfcec448a","associatedGroupKeyEncryptionProfileID":"89230ac8-3010-4cfc-9bb2-a84a6a3fcf0a","associatedEnterpriseSecurityID":"d0e54843-a332-4329-b1cd-16c21c45ad20","associatedKeyServerMonitorID":"b6445731-7795-420a-ac65-12d549ed698a","LDAPEnabled":false,"LDAPAuthorizationEnabled":false,"BGPEnabled":false}]'
    http_version:
  recorded_at: Wed, 23 Aug 2017 15:27:30 GMT
- request:
    method: get
    uri: https://nuagenetworkhost:8443/nuage/api/v5_0/domains
    body:
      encoding: US-ASCII
      string: ''
    headers:
      Accept:
      - "*/*"
      Accept-Encoding:
      - gzip, deflate
      User-Agent:
      - rest-client/2.0.2 (darwin16.0.0 x86_64) ruby/2.3.1p112
      X-Nuage-Organization:
      - csp
      Content-Type:
      - application/json; charset=UTF-8
      Authorization:
      - Basic eGxhYjo3MzNkNmIxMC0yYTdiLTQ4YjItOTU3OC1iMGE4YmZmNDI5MjA=
  response:
    status:
      code: 200
      message: OK
    headers:
      Server:
      - Apache-Coyote/1.1
      Pragma:
      - No-cache
      Cache-Control:
      - no-cache
      Expires:
      - Thu, 01 Jan 1970 01:00:00 CET
      Set-Cookie:
      - rememberMe=deleteMe; Path=/nuage; Max-Age=0; Expires=Tue, 22-Aug-2017 15:27:30
        GMT
      Access-Control-Allow-Origin:
      - "*"
      X-Nuage-Orderby:
      - name ASC
      X-Nuage-Count:
      - '1'
      Access-Control-Expose-Headers:
      - X-Nuage-Organization, X-Nuage-ProxyUser, X-Nuage-OrderBy, X-Nuage-FilterType,
        X-Nuage-Filter, X-Nuage-Page, X-Nuage-PageSize, X-Nuage-Count, X-Nuage-Custom,
        X-Nuage-ClientType
      Content-Type:
      - application/json
      Transfer-Encoding:
      - chunked
      Content-Encoding:
      - gzip
      Vary:
      - Accept-Encoding
      Date:
      - Wed, 23 Aug 2017 15:27:29 GMT
    body:
      encoding: ASCII-8BIT
      string: '[{"children":null,"parentType":"enterprise","entityScope":"ENTERPRISE","lastUpdatedBy":"43f8868f-4bc1-472c-9d19-533dcfcb1ee0","lastUpdatedDate":1501769601000,"creationDate":1501769424000,"routeDistinguisher":"65534:41702","routeTarget":"65534:13791","name":"BaseL3","description":null,"maintenanceMode":"DISABLED","dhcpServerAddresses":null,"underlayEnabled":"DISABLED","policyChangeStatus":null,"backHaulRouteDistinguisher":"65534:5812","backHaulRouteTarget":"65534:52358","backHaulVNID":15518375,"advertiseCriteria":null,"importRouteTarget":"65534:13791","exportRouteTarget":"65534:13791","encryption":"DISABLED","localAS":null,"owner":"8a6f0e20-a4db-4878-ad84-9cc61756cd5e","ID":"75ad8ee8-726c-4950-94bc-6a5aab64631d","parentID":"e0819464-e7fc-4a37-b29a-e72da7b5956c","externalID":null,"serviceID":710709719,"customerID":10004,"DHCPBehavior":"CONSUME","DHCPServerAddress":null,"secondaryDHCPServerAddress":null,"labelID":35158,"multicast":"DISABLED","PATEnabled":"DISABLED","associatedPATMapperID":null,"associatedMulticastChannelMapID":null,"stretched":false,"tunnelType":"VXLAN","ECMPCount":1,"templateID":"7b507f10-6c6f-45d9-932a-7b33a541e621","enterpriseID":"e0819464-e7fc-4a37-b29a-e72da7b5956c","uplinkPreference":"PRIMARY_SECONDARY","globalRoutingEnabled":false,"leakingEnabled":false,"DPI":"DISABLED","permittedAction":null,"associatedBGPProfileID":null,"BGPEnabled":false,"domainID":377083,"domainVLANID":0}]'
    http_version:
  recorded_at: Wed, 23 Aug 2017 15:27:30 GMT
- request:
    method: get
    uri: https://nuagenetworkhost:8443/nuage/api/v5_0/zones
    body:
      encoding: US-ASCII
      string: ''
    headers:
      Accept:
      - "*/*"
      Accept-Encoding:
      - gzip, deflate
      User-Agent:
      - rest-client/2.0.2 (darwin16.0.0 x86_64) ruby/2.3.1p112
      X-Nuage-Organization:
      - csp
      Content-Type:
      - application/json; charset=UTF-8
      X-Nuage-Filtertype:
      - predicate
      X-Nuage-Filter:
      - name ISNOT 'BackHaulZone'
      Authorization:
      - Basic eGxhYjo3MzNkNmIxMC0yYTdiLTQ4YjItOTU3OC1iMGE4YmZmNDI5MjA=
  response:
    status:
      code: 200
      message: OK
    headers:
      Server:
      - Apache-Coyote/1.1
      Pragma:
      - No-cache
      Cache-Control:
      - no-cache
      Expires:
      - Thu, 01 Jan 1970 01:00:00 CET
      Set-Cookie:
      - rememberMe=deleteMe; Path=/nuage; Max-Age=0; Expires=Tue, 22-Aug-2017 15:27:30
        GMT
      Access-Control-Allow-Origin:
      - "*"
      X-Nuage-Orderby:
      - name ASC
      X-Nuage-Page:
      - "-1"
      X-Nuage-Filtertype:
      - predicate
      X-Nuage-Pagesize:
      - '50'
      X-Nuage-Count:
      - '2'
      Access-Control-Expose-Headers:
      - X-Nuage-Organization, X-Nuage-ProxyUser, X-Nuage-OrderBy, X-Nuage-FilterType,
        X-Nuage-Filter, X-Nuage-Page, X-Nuage-PageSize, X-Nuage-Count, X-Nuage-Custom,
        X-Nuage-ClientType
      X-Nuage-Filter:
      - name ISNOT 'BackHaulZone'
      Content-Type:
      - application/json
      Transfer-Encoding:
      - chunked
      Vary:
      - Accept-Encoding
      Date:
      - Wed, 23 Aug 2017 15:27:29 GMT
    body:
      encoding: ASCII-8BIT
      string: |
        [
           {
              "children":null,
              "parentType":"domain",
              "entityScope":"ENTERPRISE",
              "lastUpdatedBy":"8a6f0e20-a4db-4878-ad84-9cc61756cd5e",
              "lastUpdatedDate":1501769431000,
              "creationDate":1501769431000,
              "address":null,
              "netmask":null,
              "name":"Zone 0",
              "dynamicIpv6Address":null,
              "description":null,
              "maintenanceMode":"DISABLED",
              "publicZone":false,
              "encryption":"INHERITED",
              "owner":"8a6f0e20-a4db-4878-ad84-9cc61756cd5e",
              "ID":"3b11a2d0-2082-42f1-92db-0b05264f372e",
              "parentID":"75ad8ee8-726c-4950-94bc-6a5aab64631d",
              "externalID":null,
              "IPv6Address":null,
              "IPType":"IPV4",
              "numberOfHostsInSubnets":0,
              "templateID":"abababab-abab-abab-abab-abababababab",
              "policyGroupID":1798085400,
              "multicast":"INHERITED",
              "associatedMulticastChannelMapID":null,
              "DPI":"INHERITED"
           },
           {
              "children":null,
              "parentType":"domain",
              "entityScope":"ENTERPRISE",
              "lastUpdatedBy":"8a6f0e20-a4db-4878-ad84-9cc61756cd5e",
              "lastUpdatedDate":1501769433000,
              "creationDate":1501769433000,
              "address":null,
              "netmask":null,
              "name":"Zone 1",
              "dynamicIpv6Address":null,
              "description":null,
              "maintenanceMode":"DISABLED",
              "publicZone":false,
              "encryption":"INHERITED",
              "owner":"8a6f0e20-a4db-4878-ad84-9cc61756cd5e",
              "ID":"6256954b-9dd6-43ed-94ff-9daa683ab8b0",
              "parentID":"75ad8ee8-726c-4950-94bc-6a5aab64631d",
              "externalID":null,
              "IPv6Address":null,
              "IPType":"IPV4",
              "numberOfHostsInSubnets":0,
              "templateID":null,
              "policyGroupID":1955040208,
              "multicast":"INHERITED",
              "associatedMulticastChannelMapID":null,
              "DPI":"INHERITED"
           }
        ]
    http_version:
  recorded_at: Wed, 23 Aug 2017 15:27:30 GMT
- request:
    method: get
    uri: https://nuagenetworkhost:8443/nuage/api/v5_0/subnets
    body:
      encoding: US-ASCII
      string: ''
    headers:
      Accept:
      - "*/*"
      Accept-Encoding:
      - gzip, deflate
      User-Agent:
      - rest-client/2.0.2 (darwin16.0.0 x86_64) ruby/2.3.1p112
      X-Nuage-Organization:
      - csp
      Content-Type:
      - application/json; charset=UTF-8
      X-Nuage-Filtertype:
      - predicate
      X-Nuage-Filter:
      - name ISNOT 'BackHaulSubnet'
      Authorization:
      - Basic eGxhYjo3MzNkNmIxMC0yYTdiLTQ4YjItOTU3OC1iMGE4YmZmNDI5MjA=
  response:
    status:
      code: 200
      message: OK
    headers:
      Server:
      - Apache-Coyote/1.1
      Pragma:
      - No-cache
      Cache-Control:
      - no-cache
      Expires:
      - Thu, 01 Jan 1970 01:00:00 CET
      Set-Cookie:
      - rememberMe=deleteMe; Path=/nuage; Max-Age=0; Expires=Tue, 22-Aug-2017 15:27:30
        GMT
      Access-Control-Allow-Origin:
      - "*"
      X-Nuage-Orderby:
      - name ASC
      X-Nuage-Page:
      - "-1"
      X-Nuage-Filtertype:
      - predicate
      X-Nuage-Pagesize:
      - '50'
      X-Nuage-Count:
      - '2'
      Access-Control-Expose-Headers:
      - X-Nuage-Organization, X-Nuage-ProxyUser, X-Nuage-OrderBy, X-Nuage-FilterType,
        X-Nuage-Filter, X-Nuage-Page, X-Nuage-PageSize, X-Nuage-Count, X-Nuage-Custom,
        X-Nuage-ClientType
      X-Nuage-Filter:
      - name ISNOT 'BackHaulSubnet'
      Content-Type:
      - application/json
      Transfer-Encoding:
      - chunked
      Vary:
      - Accept-Encoding
      Date:
      - Wed, 23 Aug 2017 15:27:30 GMT
    body:
      encoding: ASCII-8BIT
      string: |
        [
          {
            "children":null, "parentType":"zone", "entityScope":"ENTERPRISE", "lastUpdatedBy":"8a6f0e20-a4db-4878-ad84-9cc61756cd5e",
            "lastUpdatedDate":1501769592000, "creationDate":1501769437000, "address":"10.10.10.0", "netmask":"255.255.255.0", "name":"Subnet 0",
            "dynamicIpv6Address":true, "gateway":"10.10.10.1", "description":null, "maintenanceMode":"DISABLED", "routeDistinguisher":"65534:61119",
            "routeTarget":"65534:10022", "vnId":6156324, "underlayEnabled":"INHERITED", "underlay":false, "entityState":null, "splitSubnet":false,
            "encryption":"INHERITED", "owner":"8a6f0e20-a4db-4878-ad84-9cc61756cd5e", "ID":"debb9f88-f252-4c30-9a17-d6ae3865e365",
            "parentID":"3b11a2d0-2082-42f1-92db-0b05264f372e", "externalID":null, "IPv6Address":null, "IPType":"IPV4", "IPv6Gateway":null,
            "serviceID":1635387751, "gatewayMACAddress":"68:54:ED:00:63:E4", "PATEnabled":"INHERITED", "policyGroupID":1855109907, "public":false,
            "templateID":"aaaaaaaa-aaaa-bbbb-bbbb-cccccccccccc", "associatedSharedNetworkResourceID":null, "DHCPRelayStatus":"DISABLED",
            "proxyARP":false, "multicast":"INHERITED", "associatedMulticastChannelMapID":null, "DPI":"INHERITED", "useGlobalMAC":"DISABLED"},
          {
            "children":null, "parentType":"zone", "entityScope":"ENTERPRISE", "lastUpdatedBy":"8a6f0e20-a4db-4878-ad84-9cc61756cd5e",
            "lastUpdatedDate":1501769601000, "creationDate":1501769443000, "address":"10.10.20.0", "netmask":"255.255.255.0", "name":"Subnet 1",
            "dynamicIpv6Address":true, "gateway":"10.10.20.1", "description":null, "maintenanceMode":"DISABLED", "routeDistinguisher":"65534:25738",
            "routeTarget":"65534:4633", "vnId":10811344, "underlayEnabled":"INHERITED", "underlay":false, "entityState":null, "splitSubnet":false,
            "encryption":"INHERITED", "owner":"8a6f0e20-a4db-4878-ad84-9cc61756cd5e", "ID":"d60d316a-c1ac-4412-813c-9652bdbc4e41",
            "parentID":"6256954b-9dd6-43ed-94ff-9daa683ab8b0", "externalID":null, "IPv6Address":null, "IPType":"IPV4", "IPv6Gateway":null,
            "serviceID":1809852655, "gatewayMACAddress":"68:54:ED:00:BA:A2", "PATEnabled":"INHERITED", "policyGroupID":1122598490, "public":false,
            "templateID":null, "associatedSharedNetworkResourceID":null, "DHCPRelayStatus":"DISABLED", "proxyARP":false, "multicast":"INHERITED",
            "associatedMulticastChannelMapID":null, "DPI":"INHERITED", "useGlobalMAC":"DISABLED"
          }
        ]
    http_version:
  recorded_at: Wed, 23 Aug 2017 15:27:30 GMT
- request:
    method: get
    uri: https://nuagenetworkhost:8443/nuage/api/v5_0/subnets
    body:
      encoding: US-ASCII
      string: ''
    headers:
      Accept:
      - "*/*"
      Accept-Encoding:
      - gzip, deflate
      User-Agent:
      - rest-client/2.0.2 (darwin16.0.0 x86_64) ruby/2.3.1p112
      X-Nuage-Organization:
      - csp
      Content-Type:
      - application/json; charset=UTF-8
      X-Nuage-Filtertype:
      - predicate
      X-Nuage-Filter:
      - name ISNOT 'BackHaulSubnet'
      Authorization:
      - Basic eGxhYjo3MzNkNmIxMC0yYTdiLTQ4YjItOTU3OC1iMGE4YmZmNDI5MjA=
  response:
    status:
      code: 200
      message: OK
    headers:
      Server:
      - Apache-Coyote/1.1
      Pragma:
      - No-cache
      Cache-Control:
      - no-cache
      Expires:
      - Thu, 01 Jan 1970 01:00:00 CET
      Set-Cookie:
      - rememberMe=deleteMe; Path=/nuage; Max-Age=0; Expires=Tue, 22-Aug-2017 15:27:30
        GMT
      Access-Control-Allow-Origin:
      - "*"
      X-Nuage-Orderby:
      - name ASC
      X-Nuage-Page:
      - "-1"
      X-Nuage-Filtertype:
      - predicate
      X-Nuage-Pagesize:
      - '50'
      X-Nuage-Count:
      - '2'
      Access-Control-Expose-Headers:
      - X-Nuage-Organization, X-Nuage-ProxyUser, X-Nuage-OrderBy, X-Nuage-FilterType,
        X-Nuage-Filter, X-Nuage-Page, X-Nuage-PageSize, X-Nuage-Count, X-Nuage-Custom,
        X-Nuage-ClientType
      X-Nuage-Filter:
      - name ISNOT 'BackHaulSubnet'
      Content-Type:
      - application/json
      Transfer-Encoding:
      - chunked
      Vary:
      - Accept-Encoding
      Date:
      - Wed, 23 Aug 2017 15:27:30 GMT
    body:
      encoding: ASCII-8BIT
      string: |
        [
          {
            "children":null, "parentType":"zone", "entityScope":"ENTERPRISE", "lastUpdatedBy":"8a6f0e20-a4db-4878-ad84-9cc61756cd5e",
            "lastUpdatedDate":1501769592000, "creationDate":1501769437000, "address":"10.10.10.0", "netmask":"255.255.255.0", "name":"Subnet 0",
            "dynamicIpv6Address":true, "gateway":"10.10.10.1", "description":null, "maintenanceMode":"DISABLED", "routeDistinguisher":"65534:61119",
            "routeTarget":"65534:10022", "vnId":6156324, "underlayEnabled":"INHERITED", "underlay":false, "entityState":null, "splitSubnet":false,
            "encryption":"INHERITED", "owner":"8a6f0e20-a4db-4878-ad84-9cc61756cd5e", "ID":"debb9f88-f252-4c30-9a17-d6ae3865e365",
            "parentID":"3b11a2d0-2082-42f1-92db-0b05264f372e", "externalID":null, "IPv6Address":null, "IPType":"IPV4", "IPv6Gateway":null,
            "serviceID":1635387751, "gatewayMACAddress":"68:54:ED:00:63:E4", "PATEnabled":"INHERITED", "policyGroupID":1855109907, "public":false,
            "templateID":"aaaaaaaa-aaaa-bbbb-bbbb-cccccccccccc", "associatedSharedNetworkResourceID":null, "DHCPRelayStatus":"DISABLED",
            "proxyARP":false, "multicast":"INHERITED", "associatedMulticastChannelMapID":null, "DPI":"INHERITED", "useGlobalMAC":"DISABLED"},
          {
            "children":null, "parentType":"zone", "entityScope":"ENTERPRISE", "lastUpdatedBy":"8a6f0e20-a4db-4878-ad84-9cc61756cd5e",
            "lastUpdatedDate":1501769601000, "creationDate":1501769443000, "address":"10.10.20.0", "netmask":"255.255.255.0", "name":"Subnet 1",
            "dynamicIpv6Address":true, "gateway":"10.10.20.1", "description":null, "maintenanceMode":"DISABLED", "routeDistinguisher":"65534:25738",
            "routeTarget":"65534:4633", "vnId":10811344, "underlayEnabled":"INHERITED", "underlay":false, "entityState":null, "splitSubnet":false,
            "encryption":"INHERITED", "owner":"8a6f0e20-a4db-4878-ad84-9cc61756cd5e", "ID":"d60d316a-c1ac-4412-813c-9652bdbc4e41",
            "parentID":"6256954b-9dd6-43ed-94ff-9daa683ab8b0", "externalID":null, "IPv6Address":null, "IPType":"IPV4", "IPv6Gateway":null,
            "serviceID":1809852655, "gatewayMACAddress":"68:54:ED:00:BA:A2", "PATEnabled":"INHERITED", "policyGroupID":1122598490, "public":false,
            "templateID":null, "associatedSharedNetworkResourceID":null, "DHCPRelayStatus":"DISABLED", "proxyARP":false, "multicast":"INHERITED",
            "associatedMulticastChannelMapID":null, "DPI":"INHERITED", "useGlobalMAC":"DISABLED"
          }
        ]
    http_version:
  recorded_at: Wed, 23 Aug 2017 15:27:31 GMT
- request:
    method: get
    uri: https://nuagenetworkhost:8443/nuage/api/v5_0/policygroups
    body:
      encoding: US-ASCII
      string: ''
    headers:
      Accept:
      - "*/*"
      Accept-Encoding:
      - gzip, deflate
      User-Agent:
      - rest-client/2.0.2 (darwin16.0.0 x86_64) ruby/2.3.1p112
      X-Nuage-Organization:
      - csp
      Content-Type:
      - application/json; charset=UTF-8
      X-Nuage-Filtertype:
      - predicate
      X-Nuage-Filter:
      - name ISNOT 'BackHaulSubnet'
      Authorization:
      - Basic eGxhYjo3MzNkNmIxMC0yYTdiLTQ4YjItOTU3OC1iMGE4YmZmNDI5MjA=
  response:
    status:
      code: 200
      message: OK
    headers:
      Server:
      - Apache-Coyote/1.1
      Pragma:
      - No-cache
      Cache-Control:
      - no-cache
      Expires:
      - Thu, 01 Jan 1970 01:00:00 CET
      Set-Cookie:
      - rememberMe=deleteMe; Path=/nuage; Max-Age=0; Expires=Tue, 22-Aug-2017 15:27:30
        GMT
      Access-Control-Allow-Origin:
      - "*"
      X-Nuage-Orderby:
      - name ASC
      X-Nuage-Page:
      - "-1"
      X-Nuage-Filtertype:
      - predicate
      X-Nuage-Pagesize:
      - '50'
      X-Nuage-Count:
      - '1'
      Access-Control-Expose-Headers:
      - X-Nuage-Organization, X-Nuage-ProxyUser, X-Nuage-OrderBy, X-Nuage-FilterType,
        X-Nuage-Filter, X-Nuage-Page, X-Nuage-PageSize, X-Nuage-Count, X-Nuage-Custom,
        X-Nuage-ClientType
      X-Nuage-Filter:
      - name ISNOT 'BackHaulSubnet'
      Content-Type:
      - application/json
      Transfer-Encoding:
      - chunked
      Vary:
      - Accept-Encoding
      Date:
      - Wed, 23 Aug 2017 15:27:30 GMT
    body:
      encoding: ASCII-8BIT
      string: |
        [
           {
              "children":null,
              "parentType":"domain",
              "entityScope":"ENTERPRISE",
              "lastUpdatedBy":"5dcc7f62-7b40-4179-bdff-26bfe89eb024",
              "lastUpdatedDate":1503051913000,
              "creationDate":1503051913000,
              "name":"Test Policy Group",
              "description":"Empty description",
              "type":"SOFTWARE",
              "external":false,
              "entityState":null,
              "owner":"5dcc7f62-7b40-4179-bdff-26bfe89eb024",
              "ID":"02e072ef-ca95-4164-856d-3ff177b9c13c",
              "parentID":"75ad8ee8-726c-4950-94bc-6a5aab64631d",
              "externalID":null,
              "EVPNCommunityTag":null,
              "templateID":null,
              "policyGroupID":1692377848
           },
          {
            "children":null,
            "parentType":"l2domain",
            "entityScope":"ENTERPRISE",
            "lastUpdatedBy":"5dcc7f62-7b40-4179-bdff-26bfe89eb024",
            "lastUpdatedDate":1503051913000,
            "creationDate":1503051913000,
            "name":"Policy Group on L2",
            "description":"Empty description",
            "type":"SOFTWARE",
            "external":false,
            "entityState":null,
            "owner":"5dcc7f62-7b40-4179-bdff-26bfe89eb024",
            "ID":"aaaaaaaa-aaaa-aaaa-aaaa-aaaaaaaaaaaa",
            "parentID":"8efc78b0-df2a-4c6f-964b-463a9d106bed",
            "externalID":null,
            "EVPNCommunityTag":null,
            "templateID":null,
            "policyGroupID":123456
          }
        ]
    http_version:
  recorded_at: Wed, 23 Aug 2017 15:27:31 GMT
- request:
    method: get
    uri: https://nuagenetworkhost:8443/nuage/api/v5_0/l2domains
    body:
      encoding: US-ASCII
      string: ''
    headers:
      Accept:
      - "*/*"
      Accept-Encoding:
      - gzip, deflate
      User-Agent:
      - rest-client/2.0.2 (linux-gnu x86_64) ruby/2.4.3p205
      X-Nuage-Organization:
      - csp
      Content-Type:
      - application/json; charset=UTF-8
      Authorization:
      - Basic eGxhYjowMGYyNjA5Yy02OWJkLTQ3MTItOGU5ZC1jM2JhODcwM2NmMDg=
  response:
    status:
      code: 200
      message: OK
    headers:
      Server:
      - Apache-Coyote/1.1
      Pragma:
      - No-cache
      Cache-Control:
      - no-cache
      Expires:
      - Thu, 01 Jan 1970 01:00:00 CET
      Set-Cookie:
      - rememberMe=deleteMe; Path=/nuage; Max-Age=0; Expires=Wed, 30-May-2018 13:50:10
        GMT
      Access-Control-Allow-Origin:
      - "*"
      X-Nuage-Orderby:
      - name ASC
      X-Nuage-Count:
      - '4'
      Access-Control-Expose-Headers:
      - X-Nuage-Organization, X-Nuage-ProxyUser, X-Nuage-OrderBy, X-Nuage-FilterType,
        X-Nuage-Filter, X-Nuage-Page, X-Nuage-PageSize, X-Nuage-Count, X-Nuage-Custom,
        X-Nuage-ClientType
      Content-Type:
      - application/json
      Transfer-Encoding:
      - chunked
      Vary:
      - Accept-Encoding
      Date:
      - Thu, 31 May 2018 13:50:10 GMT
    body:
      encoding: ASCII-8BIT
      string: '[{"children":null,"parentType":"enterprise","entityScope":null,"lastUpdatedBy":"8a6f0e20-a4db-4878-ad84-9cc61756cd5e","lastUpdatedDate":1515248895000,"creationDate":1501769462000,"description":null,"name":"BridgeNet","gateway":null,"dynamicIpv6Address":true,"address":null,"netmask":null,"maintenanceMode":"DISABLED","routeDistinguisher":"65534:48730","routeTarget":"65534:58582","vnId":10076398,"policyChangeStatus":null,"entityState":null,"encryption":"DISABLED","owner":"8a6f0e20-a4db-4878-ad84-9cc61756cd5e","ID":"7dcd3108-ce83-45a5-88db-4ad5f32e2eb4","parentID":"713d0ba0-dea8-44b4-8ac7-6cab9dc321a7","externalID":null,"DHCPManaged":false,"useGlobalMAC":"DISABLED","IPv6Gateway":null,"IPv6Address":null,"IPType":null,"stretched":false,"templateID":"688a33dc-b5c3-47f6-b72b-687be70eb953","associatedSharedNetworkResourceID":null,"serviceID":834027956,"gatewayMACAddress":null,"uplinkPreference":"PRIMARY_SECONDARY","associatedUnderlayID":null,"multicast":"DISABLED","associatedMulticastChannelMapID":null,"DPI":"DISABLED"},{"children":null,"parentType":"enterprise","entityScope":null,"lastUpdatedBy":"8a6f0e20-a4db-4878-ad84-9cc61756cd5e","lastUpdatedDate":1515248895000,"creationDate":1501769486000,"description":null,"name":"FlatNet","gateway":"10.99.99.1","dynamicIpv6Address":true,"address":"10.99.99.0","netmask":"255.255.255.0","maintenanceMode":"DISABLED","routeDistinguisher":"65534:29749","routeTarget":"65534:65409","vnId":4479255,"policyChangeStatus":null,"entityState":null,"encryption":"DISABLED","owner":"8a6f0e20-a4db-4878-ad84-9cc61756cd5e","ID":"3b733a41-774d-4aaa-8e64-588d5533a5c0","parentID":"713d0ba0-dea8-44b4-8ac7-6cab9dc321a7","externalID":null,"DHCPManaged":true,"useGlobalMAC":"DISABLED","IPv6Gateway":null,"IPv6Address":null,"IPType":"IPV4","stretched":false,"templateID":"8e45727f-30d6-4d96-82f1-8c1ab60080d9","associatedSharedNetworkResourceID":null,"serviceID":529488222,"gatewayMACAddress":"68:54:ED:00:76:39","uplinkPreference":"PRIMARY_SECONDARY","associatedUnderlayID":null,"multicast":"DISABLED","associatedMulticastChannelMapID":null,"DPI":"DISABLED"},{"children":null,"parentType":"enterprise","entityScope":null,"lastUpdatedBy":"8a6f0e20-a4db-4878-ad84-9cc61756cd5e","lastUpdatedDate":1515248895000,"creationDate":1507800660000,"description":null,"name":"L2Base","gateway":"10.99.99.1","dynamicIpv6Address":true,"address":"10.99.99.0","netmask":"255.255.255.0","maintenanceMode":"DISABLED","routeDistinguisher":"65534:49843","routeTarget":"65534:45277","vnId":13806772,"policyChangeStatus":null,"entityState":null,"encryption":"DISABLED","owner":"8a6f0e20-a4db-4878-ad84-9cc61756cd5e","ID":"03a955bc-add4-4346-abb5-85701477fa4e","parentID":"e0819464-e7fc-4a37-b29a-e72da7b5956c","externalID":null,"DHCPManaged":true,"useGlobalMAC":"DISABLED","IPv6Gateway":null,"IPv6Address":null,"IPType":"IPV4","stretched":false,"templateID":"c43eece8-22d3-4365-b1c8-0b1b8639f2e2","associatedSharedNetworkResourceID":null,"serviceID":972881280,"gatewayMACAddress":"68:54:ED:00:A4:F6","uplinkPreference":"PRIMARY_SECONDARY","associatedUnderlayID":null,"multicast":"DISABLED","associatedMulticastChannelMapID":null,"DPI":"DISABLED"},{"children":null,"parentType":"enterprise","entityScope":null,"lastUpdatedBy":"8a6f0e20-a4db-4878-ad84-9cc61756cd5e","lastUpdatedDate":1515248895000,"creationDate":1507800673000,"description":null,"name":"L2Un","gateway":null,"dynamicIpv6Address":true,"address":null,"netmask":null,"maintenanceMode":"DISABLED","routeDistinguisher":"65534:61046","routeTarget":"65534:27352","vnId":1282841,"policyChangeStatus":null,"entityState":null,"encryption":"DISABLED","owner":"8a6f0e20-a4db-4878-ad84-9cc61756cd5e","ID":"8efc78b0-df2a-4c6f-964b-463a9d106bed","parentID":"e0819464-e7fc-4a37-b29a-e72da7b5956c","externalID":null,"DHCPManaged":false,"useGlobalMAC":"DISABLED","IPv6Gateway":null,"IPv6Address":null,"IPType":null,"stretched":false,"templateID":"66b97ea1-c7c5-4d67-b606-37a0560d89f0","associatedSharedNetworkResourceID":null,"serviceID":217461762,"gatewayMACAddress":null,"uplinkPreference":"PRIMARY_SECONDARY","associatedUnderlayID":null,"multicast":"DISABLED","associatedMulticastChannelMapID":null,"DPI":"DISABLED"}]'
    http_version:
  recorded_at: Thu, 31 May 2018 13:50:10 GMT
- request:
    method: get
    uri: https://nuagenetworkhost:8443/nuage/api/v5_0/floatingips
    body:
      encoding: US-ASCII
      string: ''
    headers:
      Accept:
      - "*/*"
      Accept-Encoding:
      - gzip, deflate
      User-Agent:
      - rest-client/2.0.2 (linux-gnu x86_64) ruby/2.4.3p205
      X-Nuage-Organization:
      - csp
      Content-Type:
      - application/json; charset=UTF-8
      Authorization:
      - Basic eGxhYjoxMGU4M2JlYy1hYmI3LTQzNTgtODM3My1iMDMzNmMwMDE2Yzk=
  response:
    status:
      code: 200
      message: OK
    headers:
      Server:
      - Apache-Coyote/1.1
      Pragma:
      - No-cache
      Cache-Control:
      - no-cache
      Expires:
      - Thu, 01 Jan 1970 01:00:00 CET
      Set-Cookie:
      - rememberMe=deleteMe; Path=/nuage; Max-Age=0; Expires=Thu, 07-Jun-2018 06:55:48
        GMT
      Access-Control-Allow-Origin:
      - "*"
      X-Nuage-Orderby:
      - address ASC
      X-Nuage-Count:
      - '3'
      Access-Control-Expose-Headers:
      - X-Nuage-Organization, X-Nuage-ProxyUser, X-Nuage-OrderBy, X-Nuage-FilterType,
        X-Nuage-Filter, X-Nuage-Page, X-Nuage-PageSize, X-Nuage-Count, X-Nuage-Custom,
        X-Nuage-ClientType
      Content-Type:
      - application/json
      Transfer-Encoding:
      - chunked
      Vary:
      - Accept-Encoding
      Date:
      - Fri, 08 Jun 2018 06:55:48 GMT
    body:
      encoding: ASCII-8BIT
      string: |
        [
           {
              "children":null,
              "parentType":"domain",
              "entityScope":"ENTERPRISE",
              "lastUpdatedBy":"8a6f0e20-a4db-4878-ad84-9cc61756cd5e",
              "lastUpdatedDate":1528394975000,
              "creationDate":1528394676000,
              "address":"10.85.92.109",
              "assigned":true,
              "assignedToObjectType":"vport",
              "accessControl":false,
              "owner":"8a6f0e20-a4db-4878-ad84-9cc61756cd5e",
              "ID":"3a00891b-29ba-4f60-8f35-033d84aa1083",
              "parentID":"75ad8ee8-726c-4950-94bc-6a5aab64631d",
              "externalID":null,
              "associatedSharedNetworkResourceID":"17b305a7-eec9-4492-acb9-20a1d63a8ba1"
           },
           {
              "children":null,
              "parentType":"domain",
              "entityScope":"ENTERPRISE",
              "lastUpdatedBy":"8a6f0e20-a4db-4878-ad84-9cc61756cd5e",
              "lastUpdatedDate":1528395214000,
              "creationDate":1528394673000,
              "address":"10.85.92.192",
              "assigned":true,
              "assignedToObjectType":"vport",
              "accessControl":false,
              "owner":"8a6f0e20-a4db-4878-ad84-9cc61756cd5e",
              "ID":"37c49c47-7737-4c94-ab80-7b5898f68f9b",
              "parentID":"75ad8ee8-726c-4950-94bc-6a5aab64631d",
              "externalID":null,
              "associatedSharedNetworkResourceID":"17b305a7-eec9-4492-acb9-20a1d63a8ba1"
           },
           {
              "children":null,
              "parentType":"domain",
              "entityScope":"ENTERPRISE",
              "lastUpdatedBy":"8a6f0e20-a4db-4878-ad84-9cc61756cd5e",
              "lastUpdatedDate":1528394679000,
              "creationDate":1528394679000,
              "address":"10.85.92.70",
              "assigned":false,
              "assignedToObjectType":null,
              "accessControl":false,
              "owner":"8a6f0e20-a4db-4878-ad84-9cc61756cd5e",
              "ID":"4c2d0aea-1140-4557-9156-e4691f70b1e1",
              "parentID":"75ad8ee8-726c-4950-94bc-6a5aab64631d",
              "externalID":null,
              "associatedSharedNetworkResourceID":"17b305a7-eec9-4492-acb9-20a1d63a8ba1"
           }
        ]
    http_version:
  recorded_at: Fri, 08 Jun 2018 06:55:48 GMT
- request:
    method: get
    uri: https://nuagenetworkhost:8443/nuage/api/v5_0/sharednetworkresources
    body:
      encoding: US-ASCII
      string: ''
    headers:
      Accept:
      - "*/*"
      Accept-Encoding:
      - gzip, deflate
      User-Agent:
      - rest-client/2.0.2 (linux-gnu x86_64) ruby/2.4.3p205
      X-Nuage-Organization:
      - csp
      Content-Type:
      - application/json; charset=UTF-8
      Authorization:
      - Basic eGxhYjoxY2M0MDJlOC1lZWViLTQzOGUtODQ3NC02NmY3MDJmOGM2Njk=
  response:
    status:
      code: 200
      message: OK
    headers:
      Server:
      - Apache-Coyote/1.1
      Pragma:
      - No-cache
      Cache-Control:
      - no-cache
      Expires:
      - Thu, 01 Jan 1970 01:00:00 CET
      Set-Cookie:
      - rememberMe=deleteMe; Path=/nuage; Max-Age=0; Expires=Mon, 11-Jun-2018 09:48:21
        GMT
      Access-Control-Allow-Origin:
      - "*"
      X-Nuage-Count:
      - '1'
      Access-Control-Expose-Headers:
      - X-Nuage-Organization, X-Nuage-ProxyUser, X-Nuage-OrderBy, X-Nuage-FilterType,
        X-Nuage-Filter, X-Nuage-Page, X-Nuage-PageSize, X-Nuage-Count, X-Nuage-Custom,
        X-Nuage-ClientType
      Content-Type:
      - application/json
      Transfer-Encoding:
      - chunked
      Vary:
      - Accept-Encoding
      Date:
      - Tue, 12 Jun 2018 09:48:20 GMT
    body:
      encoding: ASCII-8BIT
      string: |
        [
          {
            "children":null,
            "parentType":"zone",
            "entityScope":"GLOBAL",
            "lastUpdatedBy":"8a6f0e20-a4db-4878-ad84-9cc61756cd5e",
            "lastUpdatedDate":1523409573000,
            "creationDate":1523409573000,
            "name":"Subnet 0",
            "description":null,
            "address":"10.85.92.0",
            "netmask":"255.255.255.0",
            "gateway":null,
            "type":"FLOATING",
            "uplinkVPortName":null,
            "uplinkInterfaceIP":null,
            "uplinkInterfaceMAC":null,
            "underlay":false,
            "backHaulRouteDistinguisher":"65534:56886",
            "backHaulRouteTarget":"65534:33586",
            "backHaulVNID":4913208,
            "vnID":9657713,
            "subnetRouteDistinguisher":"65534:4177",
            "subnetRouteTarget":"65534:8406",
            "permittedActionType":null,
            "accessRestrictionEnabled":false,
            "owner":"8a6f0e20-a4db-4878-ad84-9cc61756cd5e",
            "ID":"17b305a7-eec9-4492-acb9-20a1d63a8ba1",
            "parentID":"5cc7da30-a3f2-448f-9a30-4ff205781511",
            "externalID":null,
            "domainRouteDistinguisher":"65534:17990",
            "domainRouteTarget":"65534:35584",
            "DHCPManaged":true,
            "sharedResourceParentID":"5cc7da30-a3f2-448f-9a30-4ff205781511",
            "uplinkGWVlanAttachmentID":null,
            "ECMPCount":1,
            "dynamicPATAllocationEnabled":false,
            "associatedPATMapperID":null,
            "useGlobalMAC":"DISABLED",
            "gatewayMACAddress":"68:54:ED:00:DB:1B",
            "enterpriseID":null
          }
        ]
    http_version:
  recorded_at: Tue, 12 Jun 2018 09:48:21 GMT
- request:
    method: get
    uri: https://nuagenetworkhost:8443/nuage/api/v5_0/l2domains/7dcd3108-ce83-45a5-88db-4ad5f32e2eb4/vports
    body:
      encoding: US-ASCII
      string: ''
    headers:
      Accept:
      - "*/*"
      Accept-Encoding:
      - gzip, deflate
      User-Agent:
      - rest-client/2.0.2 (linux-gnu x86_64) ruby/2.4.3p205
      X-Nuage-Organization:
      - csp
      Content-Type:
      - application/json; charset=UTF-8
      Authorization:
      - Basic eGxhYjpiZTYyM2ExNS0yZWQ3LTQ4OGUtODAxZi1hMGFlOTViZmZhMjE=
  response:
    status:
      code: 200
      message: OK
    headers:
      Server:
      - Apache-Coyote/1.1
      Pragma:
      - No-cache
      Cache-Control:
      - no-cache
      Expires:
      - Thu, 01 Jan 1970 01:00:00 CET
      Set-Cookie:
      - rememberMe=deleteMe; Path=/nuage; Max-Age=0; Expires=Tue, 10-Jul-2018 06:35:06
        GMT
      Access-Control-Allow-Origin:
      - "*"
      X-Nuage-Orderby:
      - name ASC
      X-Nuage-Count:
      - '0'
      Access-Control-Expose-Headers:
      - X-Nuage-Organization, X-Nuage-ProxyUser, X-Nuage-OrderBy, X-Nuage-FilterType,
        X-Nuage-Filter, X-Nuage-Page, X-Nuage-PageSize, X-Nuage-Count, X-Nuage-Custom,
        X-Nuage-ClientType
      Content-Length:
      - '0'
      Date:
      - Wed, 11 Jul 2018 06:35:06 GMT
    body:
      encoding: ASCII-8BIT
      string: ''
    http_version:
  recorded_at: Wed, 11 Jul 2018 06:35:06 GMT
- request:
    method: get
    uri: https://nuagenetworkhost:8443/nuage/api/v5_0/l2domains/7dcd3108-ce83-45a5-88db-4ad5f32e2eb4/vports
    body:
      encoding: US-ASCII
      string: ''
    headers:
      Accept:
      - "*/*"
      Accept-Encoding:
      - gzip, deflate
      User-Agent:
      - rest-client/2.0.2 (linux-gnu x86_64) ruby/2.4.3p205
      X-Nuage-Organization:
      - csp
      Content-Type:
      - application/json; charset=UTF-8
      Authorization:
      - Basic eGxhYjpiZTYyM2ExNS0yZWQ3LTQ4OGUtODAxZi1hMGFlOTViZmZhMjE=
  response:
    status:
      code: 200
      message: OK
    headers:
      Server:
      - Apache-Coyote/1.1
      Pragma:
      - No-cache
      Cache-Control:
      - no-cache
      Expires:
      - Thu, 01 Jan 1970 01:00:00 CET
      Set-Cookie:
      - rememberMe=deleteMe; Path=/nuage; Max-Age=0; Expires=Tue, 10-Jul-2018 06:35:06
        GMT
      Access-Control-Allow-Origin:
      - "*"
      X-Nuage-Orderby:
      - name ASC
      X-Nuage-Count:
      - '0'
      Access-Control-Expose-Headers:
      - X-Nuage-Organization, X-Nuage-ProxyUser, X-Nuage-OrderBy, X-Nuage-FilterType,
        X-Nuage-Filter, X-Nuage-Page, X-Nuage-PageSize, X-Nuage-Count, X-Nuage-Custom,
        X-Nuage-ClientType
      Content-Length:
      - '0'
      Date:
      - Wed, 11 Jul 2018 06:35:06 GMT
    body:
      encoding: ASCII-8BIT
      string: ''
    http_version:
  recorded_at: Wed, 11 Jul 2018 06:35:06 GMT
- request:
    method: get
    uri: https://nuagenetworkhost:8443/nuage/api/v5_0/domains/75ad8ee8-726c-4950-94bc-6a5aab64631d/vports
    body:
      encoding: US-ASCII
      string: ''
    headers:
      Accept:
      - "*/*"
      Accept-Encoding:
      - gzip, deflate
      User-Agent:
      - rest-client/2.0.2 (linux-gnu x86_64) ruby/2.4.3p205
      X-Nuage-Organization:
      - csp
      Content-Type:
      - application/json; charset=UTF-8
      Authorization:
      - Basic eGxhYjpiZTYyM2ExNS0yZWQ3LTQ4OGUtODAxZi1hMGFlOTViZmZhMjE=
  response:
    status:
      code: 200
      message: OK
    headers:
      Server:
      - Apache-Coyote/1.1
      Pragma:
      - No-cache
      Cache-Control:
      - no-cache
      Expires:
      - Thu, 01 Jan 1970 01:00:00 CET
      Set-Cookie:
      - rememberMe=deleteMe; Path=/nuage; Max-Age=0; Expires=Tue, 10-Jul-2018 06:35:06
        GMT
      Access-Control-Allow-Origin:
      - "*"
      X-Nuage-Orderby:
      - name ASC
      X-Nuage-Count:
      - '0'
      Access-Control-Expose-Headers:
      - X-Nuage-Organization, X-Nuage-ProxyUser, X-Nuage-OrderBy, X-Nuage-FilterType,
        X-Nuage-Filter, X-Nuage-Page, X-Nuage-PageSize, X-Nuage-Count, X-Nuage-Custom,
        X-Nuage-ClientType
      Content-Length:
      - '0'
      Date:
      - Wed, 11 Jul 2018 06:35:06 GMT
    body:
      encoding: ASCII-8BIT
      string: |
        [
          {
            "children":null,
            "parentType":"subnet",
            "entityScope":"ENTERPRISE",
            "lastUpdatedBy":"5dcc7f62-7b40-4179-bdff-26bfe89eb024",
            "lastUpdatedDate":1528371984000,
            "creationDate":1528371984000,
            "name":"Container VPort 1ea3d199",
            "gatewayMACMoveRole":null,
            "trunkRole":null,
            "type":"CONTAINER",
            "subType":"NONE",
            "description":null,
            "systemType":"SOFTWARE",
            "addressSpoofing":"INHERITED",
            "active":false,
            "operationalState":"INIT",
            "peerOperationalState":null,
            "segmentationType":null,
            "owner":"5dcc7f62-7b40-4179-bdff-26bfe89eb024",
            "ID":"dd9a4d57-2e24-427b-8aef-4d2925df47b2",
            "parentID":"d60d316a-c1ac-4412-813c-9652bdbc4e41",
            "externalID":null,
            "assocEntityID":"adbfcb81-e0ab-4b7e-9e51-1b6c5e862bb9",
            "domainID":"75ad8ee8-726c-4950-94bc-6a5aab64631d",
            "zoneID":"3b11a2d0-2082-42f1-92db-0b05264f372e",
            "multiNICVPortID":null,
            "VLANID":null,
            "associatedFloatingIPID":null,
            "hasAttachedInterfaces":false,
            "multicast":"INHERITED",
            "associatedMulticastChannelMapID":null,
            "DPI":"INHERITED",
            "associatedSendMulticastChannelMapID":null,
            "associatedTrunkID":null,
            "segmentationID":null,
            "associatedSSID":null
          },
          {
            "children":null,
            "parentType":"subnet",
            "entityScope":"ENTERPRISE",
            "lastUpdatedBy":"5dcc7f62-7b40-4179-bdff-26bfe89eb024",
            "lastUpdatedDate":1528371978000,
            "creationDate":1528371978000,
            "name":"VM VPort 70e41192",
            "gatewayMACMoveRole":null,
            "trunkRole":null,
            "type":"VM",
            "subType":"NONE",
            "description":null,
            "systemType":"SOFTWARE",
            "addressSpoofing":"INHERITED",
            "active":false,
            "operationalState":"INIT",
            "peerOperationalState":null,
            "segmentationType":null,
            "owner":"5dcc7f62-7b40-4179-bdff-26bfe89eb024",
            "ID":"15d1369e-9553-4e83-8bb9-3a6c269f81ae",
            "parentID":"d60d316a-c1ac-4412-813c-9652bdbc4e41",
            "externalID":null,
            "assocEntityID":"adbfcb81-e0ab-4b7e-9e51-1b6c5e862bb9",
            "domainID":"75ad8ee8-726c-4950-94bc-6a5aab64631d",
            "zoneID":"3b11a2d0-2082-42f1-92db-0b05264f372e",
            "multiNICVPortID":null,
            "VLANID":null,
            "associatedFloatingIPID":null,
            "hasAttachedInterfaces":false,
            "multicast":"INHERITED",
            "associatedMulticastChannelMapID":null,
            "DPI":"INHERITED",
            "associatedSendMulticastChannelMapID":null,
            "associatedTrunkID":null,
            "segmentationID":null,
            "associatedSSID":null
          },
          {
            "children":null,
            "parentType":"subnet",
            "entityScope":"ENTERPRISE",
            "lastUpdatedBy":"43f8868f-4bc1-472c-9d19-533dcfcb1ee0",
            "lastUpdatedDate":1528394448000,
            "creationDate":1528394447000,
            "name":"Bridge VPort ad817d5a",
            "gatewayMACMoveRole":"TERTIARY",
            "trunkRole":null,
            "type":"BRIDGE",
            "subType":"NONE",
            "description":null,
            "systemType":"HARDWARE",
            "addressSpoofing":"ENABLED",
            "active":false,
            "operationalState":"INIT",
            "peerOperationalState":null,
            "segmentationType":null,
            "owner":"8a6f0e20-a4db-4878-ad84-9cc61756cd5e",
            "ID":"43b7faad-2c76-4945-9412-66a04bde7b6a",
            "parentID":"d60d316a-c1ac-4412-813c-9652bdbc4e41",
            "externalID":null,
            "assocEntityID":"5c23e830-308d-4611-97f5-50262d43fc33",
            "domainID":"8010cb8a-e40f-4f68-b27b-503e8befb570",
            "zoneID":"54a37c02-b5e7-4e46-bb4e-ca4090bb31da",
            "multiNICVPortID":null,
            "VLANID":"a9c1a7ab-46ac-49ec-86a8-3eecc297ee40",
            "associatedFloatingIPID":null,
            "hasAttachedInterfaces":true,
            "multicast":"INHERITED",
            "associatedMulticastChannelMapID":null,
            "DPI":"INHERITED",
            "associatedSendMulticastChannelMapID":null,
            "associatedTrunkID":null,
            "segmentationID":null,
            "associatedSSID":null
          },
          {
            "children":null,
            "parentType":"subnet",
            "entityScope":"ENTERPRISE",
            "lastUpdatedBy":"43f8868f-4bc1-472c-9d19-533dcfcb1ee0",
            "lastUpdatedDate":1528395214000,
            "creationDate":1528395175000,
            "name":"Host VPort 25772231",
            "gatewayMACMoveRole":null,
            "trunkRole":null,
            "type":"HOST",
            "subType":"NONE",
            "description":null,
            "systemType":"SOFTWARE",
            "addressSpoofing":"INHERITED",
            "active":false,
            "operationalState":"INIT",
            "peerOperationalState":null,
            "segmentationType":null,
            "owner":"8a6f0e20-a4db-4878-ad84-9cc61756cd5e",
            "ID":"b19075d3-a797-4dcd-93be-de52b4247e46",
            "parentID":"d60d316a-c1ac-4412-813c-9652bdbc4e41",
            "externalID":null,
            "assocEntityID":"b443568c-c67f-4ab8-bd9c-a9a1be11464d",
            "domainID":"8010cb8a-e40f-4f68-b27b-503e8befb570",
            "zoneID":"505a46cc-979b-4565-8f64-6e73dc9c8bd0",
            "multiNICVPortID":null,
            "VLANID":"776239dc-6b52-4a25-b971-dca4a85bfba8",
            "associatedFloatingIPID":"3a00891b-29ba-4f60-8f35-033d84aa1083",
            "hasAttachedInterfaces":true,
            "multicast":"INHERITED",
            "associatedMulticastChannelMapID":null,
            "DPI":"INHERITED",
            "associatedSendMulticastChannelMapID":null,
            "associatedTrunkID":null,
            "segmentationID":null,
            "associatedSSID":null
          }
        ]
    http_version:
  recorded_at: Wed, 11 Jul 2018 06:35:06 GMT
- request:
    method: get
    uri: https://nuagenetworkhost:8443/nuage/api/v5_0/domains/75ad8ee8-726c-4950-94bc-6a5aab64631d/vports
    body:
      encoding: US-ASCII
      string: ''
    headers:
      Accept:
      - "*/*"
      Accept-Encoding:
      - gzip, deflate
      User-Agent:
      - rest-client/2.0.2 (linux-gnu x86_64) ruby/2.4.3p205
      X-Nuage-Organization:
      - csp
      Content-Type:
      - application/json; charset=UTF-8
      Authorization:
      - Basic eGxhYjpiZTYyM2ExNS0yZWQ3LTQ4OGUtODAxZi1hMGFlOTViZmZhMjE=
  response:
    status:
      code: 200
      message: OK
    headers:
      Server:
      - Apache-Coyote/1.1
      Pragma:
      - No-cache
      Cache-Control:
      - no-cache
      Expires:
      - Thu, 01 Jan 1970 01:00:00 CET
      Set-Cookie:
      - rememberMe=deleteMe; Path=/nuage; Max-Age=0; Expires=Tue, 10-Jul-2018 06:35:06
        GMT
      Access-Control-Allow-Origin:
      - "*"
      X-Nuage-Orderby:
      - name ASC
      X-Nuage-Count:
      - '0'
      Access-Control-Expose-Headers:
      - X-Nuage-Organization, X-Nuage-ProxyUser, X-Nuage-OrderBy, X-Nuage-FilterType,
        X-Nuage-Filter, X-Nuage-Page, X-Nuage-PageSize, X-Nuage-Count, X-Nuage-Custom,
        X-Nuage-ClientType
      Content-Length:
      - '0'
      Date:
      - Wed, 11 Jul 2018 06:35:06 GMT
    body:
      encoding: ASCII-8BIT
      string: |
        [
          {
            "children":null,
            "parentType":"subnet",
            "entityScope":"ENTERPRISE",
            "lastUpdatedBy":"5dcc7f62-7b40-4179-bdff-26bfe89eb024",
            "lastUpdatedDate":1528371984000,
            "creationDate":1528371984000,
            "name":"Container VPort 1ea3d199",
            "gatewayMACMoveRole":null,
            "trunkRole":null,
            "type":"CONTAINER",
            "subType":"NONE",
            "description":null,
            "systemType":"SOFTWARE",
            "addressSpoofing":"INHERITED",
            "active":false,
            "operationalState":"INIT",
            "peerOperationalState":null,
            "segmentationType":null,
            "owner":"5dcc7f62-7b40-4179-bdff-26bfe89eb024",
            "ID":"dd9a4d57-2e24-427b-8aef-4d2925df47b2",
            "parentID":"adbfcb81-e0ab-4b7e-9e51-1b6c5e862bb9",
            "externalID":null,
            "assocEntityID":"adbfcb81-e0ab-4b7e-9e51-1b6c5e862bb9",
            "domainID":"75ad8ee8-726c-4950-94bc-6a5aab64631d",
            "zoneID":"3b11a2d0-2082-42f1-92db-0b05264f372e",
            "multiNICVPortID":null,
            "VLANID":null,
            "associatedFloatingIPID":null,
            "hasAttachedInterfaces":false,
            "multicast":"INHERITED",
            "associatedMulticastChannelMapID":null,
            "DPI":"INHERITED",
            "associatedSendMulticastChannelMapID":null,
            "associatedTrunkID":null,
            "segmentationID":null,
            "associatedSSID":null
          },
          {
            "children":null,
            "parentType":"subnet",
            "entityScope":"ENTERPRISE",
            "lastUpdatedBy":"5dcc7f62-7b40-4179-bdff-26bfe89eb024",
            "lastUpdatedDate":1528371978000,
            "creationDate":1528371978000,
            "name":"VM VPort 70e41192",
            "gatewayMACMoveRole":null,
            "trunkRole":null,
            "type":"VM",
            "subType":"NONE",
            "description":null,
            "systemType":"SOFTWARE",
            "addressSpoofing":"INHERITED",
            "active":false,
            "operationalState":"INIT",
            "peerOperationalState":null,
            "segmentationType":null,
            "owner":"5dcc7f62-7b40-4179-bdff-26bfe89eb024",
            "ID":"15d1369e-9553-4e83-8bb9-3a6c269f81ae",
            "parentID":"adbfcb81-e0ab-4b7e-9e51-1b6c5e862bb9",
            "externalID":null,
            "assocEntityID":"adbfcb81-e0ab-4b7e-9e51-1b6c5e862bb9",
            "domainID":"75ad8ee8-726c-4950-94bc-6a5aab64631d",
            "zoneID":"3b11a2d0-2082-42f1-92db-0b05264f372e",
            "multiNICVPortID":null,
            "VLANID":null,
            "associatedFloatingIPID":null,
            "hasAttachedInterfaces":false,
            "multicast":"INHERITED",
            "associatedMulticastChannelMapID":null,
            "DPI":"INHERITED",
            "associatedSendMulticastChannelMapID":null,
            "associatedTrunkID":null,
            "segmentationID":null,
            "associatedSSID":null
          }
        ]
    http_version:
  recorded_at: Wed, 11 Jul 2018 06:35:06 GMT
- request:
    method: get
    uri: https://nuagenetworkhost:8443/nuage/api/v5_0/l2domains/3b733a41-774d-4aaa-8e64-588d5533a5c0/vports
    body:
      encoding: US-ASCII
      string: ''
    headers:
      Accept:
      - "*/*"
      Accept-Encoding:
      - gzip, deflate
      User-Agent:
      - rest-client/2.0.2 (linux-gnu x86_64) ruby/2.4.3p205
      X-Nuage-Organization:
      - csp
      Content-Type:
      - application/json; charset=UTF-8
      Authorization:
      - Basic eGxhYjpiZTYyM2ExNS0yZWQ3LTQ4OGUtODAxZi1hMGFlOTViZmZhMjE=
  response:
    status:
      code: 200
      message: OK
    headers:
      Server:
      - Apache-Coyote/1.1
      Pragma:
      - No-cache
      Cache-Control:
      - no-cache
      Expires:
      - Thu, 01 Jan 1970 01:00:00 CET
      Set-Cookie:
      - rememberMe=deleteMe; Path=/nuage; Max-Age=0; Expires=Tue, 10-Jul-2018 06:35:06
        GMT
      Access-Control-Allow-Origin:
      - "*"
      X-Nuage-Orderby:
      - name ASC
      X-Nuage-Count:
      - '0'
      Access-Control-Expose-Headers:
      - X-Nuage-Organization, X-Nuage-ProxyUser, X-Nuage-OrderBy, X-Nuage-FilterType,
        X-Nuage-Filter, X-Nuage-Page, X-Nuage-PageSize, X-Nuage-Count, X-Nuage-Custom,
        X-Nuage-ClientType
      Content-Length:
      - '0'
      Date:
      - Wed, 11 Jul 2018 06:35:06 GMT
    body:
      encoding: ASCII-8BIT
      string: ''
    http_version:
  recorded_at: Wed, 11 Jul 2018 06:35:06 GMT
- request:
    method: get
    uri: https://nuagenetworkhost:8443/nuage/api/v5_0/l2domains/3b733a41-774d-4aaa-8e64-588d5533a5c0/vports
    body:
      encoding: US-ASCII
      string: ''
    headers:
      Accept:
      - "*/*"
      Accept-Encoding:
      - gzip, deflate
      User-Agent:
      - rest-client/2.0.2 (linux-gnu x86_64) ruby/2.4.3p205
      X-Nuage-Organization:
      - csp
      Content-Type:
      - application/json; charset=UTF-8
      Authorization:
      - Basic eGxhYjpiZTYyM2ExNS0yZWQ3LTQ4OGUtODAxZi1hMGFlOTViZmZhMjE=
  response:
    status:
      code: 200
      message: OK
    headers:
      Server:
      - Apache-Coyote/1.1
      Pragma:
      - No-cache
      Cache-Control:
      - no-cache
      Expires:
      - Thu, 01 Jan 1970 01:00:00 CET
      Set-Cookie:
      - rememberMe=deleteMe; Path=/nuage; Max-Age=0; Expires=Tue, 10-Jul-2018 06:35:06
        GMT
      Access-Control-Allow-Origin:
      - "*"
      X-Nuage-Orderby:
      - name ASC
      X-Nuage-Count:
      - '0'
      Access-Control-Expose-Headers:
      - X-Nuage-Organization, X-Nuage-ProxyUser, X-Nuage-OrderBy, X-Nuage-FilterType,
        X-Nuage-Filter, X-Nuage-Page, X-Nuage-PageSize, X-Nuage-Count, X-Nuage-Custom,
        X-Nuage-ClientType
      Content-Length:
      - '0'
      Date:
      - Wed, 11 Jul 2018 06:35:06 GMT
    body:
      encoding: ASCII-8BIT
      string: ''
    http_version:
  recorded_at: Wed, 11 Jul 2018 06:35:06 GMT
- request:
    method: get
    uri: https://nuagenetworkhost:8443/nuage/api/v5_0/l2domains/03a955bc-add4-4346-abb5-85701477fa4e/vports
    body:
      encoding: US-ASCII
      string: ''
    headers:
      Accept:
      - "*/*"
      Accept-Encoding:
      - gzip, deflate
      User-Agent:
      - rest-client/2.0.2 (linux-gnu x86_64) ruby/2.4.3p205
      X-Nuage-Organization:
      - csp
      Content-Type:
      - application/json; charset=UTF-8
      Authorization:
      - Basic eGxhYjpiZTYyM2ExNS0yZWQ3LTQ4OGUtODAxZi1hMGFlOTViZmZhMjE=
  response:
    status:
      code: 200
      message: OK
    headers:
      Server:
      - Apache-Coyote/1.1
      Pragma:
      - No-cache
      Cache-Control:
      - no-cache
      Expires:
      - Thu, 01 Jan 1970 01:00:00 CET
      Set-Cookie:
      - rememberMe=deleteMe; Path=/nuage; Max-Age=0; Expires=Tue, 10-Jul-2018 06:35:06
        GMT
      Access-Control-Allow-Origin:
      - "*"
      X-Nuage-Orderby:
      - name ASC
      X-Nuage-Count:
      - '0'
      Access-Control-Expose-Headers:
      - X-Nuage-Organization, X-Nuage-ProxyUser, X-Nuage-OrderBy, X-Nuage-FilterType,
        X-Nuage-Filter, X-Nuage-Page, X-Nuage-PageSize, X-Nuage-Count, X-Nuage-Custom,
        X-Nuage-ClientType
      Content-Length:
      - '0'
      Date:
      - Wed, 11 Jul 2018 06:35:06 GMT
    body:
      encoding: ASCII-8BIT
      string: ''
    http_version:
  recorded_at: Wed, 11 Jul 2018 06:35:06 GMT
- request:
    method: get
    uri: https://nuagenetworkhost:8443/nuage/api/v5_0/l2domains/03a955bc-add4-4346-abb5-85701477fa4e/vports
    body:
      encoding: US-ASCII
      string: ''
    headers:
      Accept:
      - "*/*"
      Accept-Encoding:
      - gzip, deflate
      User-Agent:
      - rest-client/2.0.2 (linux-gnu x86_64) ruby/2.4.3p205
      X-Nuage-Organization:
      - csp
      Content-Type:
      - application/json; charset=UTF-8
      Authorization:
      - Basic eGxhYjpiZTYyM2ExNS0yZWQ3LTQ4OGUtODAxZi1hMGFlOTViZmZhMjE=
  response:
    status:
      code: 200
      message: OK
    headers:
      Server:
      - Apache-Coyote/1.1
      Pragma:
      - No-cache
      Cache-Control:
      - no-cache
      Expires:
      - Thu, 01 Jan 1970 01:00:00 CET
      Set-Cookie:
      - rememberMe=deleteMe; Path=/nuage; Max-Age=0; Expires=Tue, 10-Jul-2018 06:35:06
        GMT
      Access-Control-Allow-Origin:
      - "*"
      X-Nuage-Orderby:
      - name ASC
      X-Nuage-Count:
      - '0'
      Access-Control-Expose-Headers:
      - X-Nuage-Organization, X-Nuage-ProxyUser, X-Nuage-OrderBy, X-Nuage-FilterType,
        X-Nuage-Filter, X-Nuage-Page, X-Nuage-PageSize, X-Nuage-Count, X-Nuage-Custom,
        X-Nuage-ClientType
      Content-Length:
      - '0'
      Date:
      - Wed, 11 Jul 2018 06:35:06 GMT
    body:
      encoding: ASCII-8BIT
      string: ''
    http_version:
  recorded_at: Wed, 11 Jul 2018 06:35:06 GMT
- request:
    method: get
    uri: https://nuagenetworkhost:8443/nuage/api/v5_0/l2domains/8efc78b0-df2a-4c6f-964b-463a9d106bed/vports
    body:
      encoding: US-ASCII
      string: ''
    headers:
      Accept:
      - "*/*"
      Accept-Encoding:
      - gzip, deflate
      User-Agent:
      - rest-client/2.0.2 (linux-gnu x86_64) ruby/2.4.3p205
      X-Nuage-Organization:
      - csp
      Content-Type:
      - application/json; charset=UTF-8
      Authorization:
      - Basic eGxhYjpiZTYyM2ExNS0yZWQ3LTQ4OGUtODAxZi1hMGFlOTViZmZhMjE=
  response:
    status:
      code: 200
      message: OK
    headers:
      Server:
      - Apache-Coyote/1.1
      Pragma:
      - No-cache
      Cache-Control:
      - no-cache
      Expires:
      - Thu, 01 Jan 1970 01:00:00 CET
      Set-Cookie:
      - rememberMe=deleteMe; Path=/nuage; Max-Age=0; Expires=Tue, 10-Jul-2018 06:35:06
        GMT
      Access-Control-Allow-Origin:
      - "*"
      X-Nuage-Orderby:
      - name ASC
      X-Nuage-Count:
      - '0'
      Access-Control-Expose-Headers:
      - X-Nuage-Organization, X-Nuage-ProxyUser, X-Nuage-OrderBy, X-Nuage-FilterType,
        X-Nuage-Filter, X-Nuage-Page, X-Nuage-PageSize, X-Nuage-Count, X-Nuage-Custom,
        X-Nuage-ClientType
      Content-Length:
      - '0'
      Date:
      - Wed, 11 Jul 2018 06:35:06 GMT
    body:
      encoding: ASCII-8BIT
      string: ''
    http_version:
  recorded_at: Wed, 11 Jul 2018 06:35:06 GMT
- request:
    method: get
    uri: https://nuagenetworkhost:8443/nuage/api/v5_0/l2domains/8efc78b0-df2a-4c6f-964b-463a9d106bed/vports
    body:
      encoding: US-ASCII
      string: ''
    headers:
      Accept:
      - "*/*"
      Accept-Encoding:
      - gzip, deflate
      User-Agent:
      - rest-client/2.0.2 (linux-gnu x86_64) ruby/2.4.3p205
      X-Nuage-Organization:
      - csp
      Content-Type:
      - application/json; charset=UTF-8
      Authorization:
      - Basic eGxhYjpiZTYyM2ExNS0yZWQ3LTQ4OGUtODAxZi1hMGFlOTViZmZhMjE=
  response:
    status:
      code: 200
      message: OK
    headers:
      Server:
      - Apache-Coyote/1.1
      Pragma:
      - No-cache
      Cache-Control:
      - no-cache
      Expires:
      - Thu, 01 Jan 1970 01:00:00 CET
      Set-Cookie:
      - rememberMe=deleteMe; Path=/nuage; Max-Age=0; Expires=Tue, 10-Jul-2018 06:35:06
        GMT
      Access-Control-Allow-Origin:
      - "*"
      X-Nuage-Orderby:
      - name ASC
      X-Nuage-Count:
      - '0'
      Access-Control-Expose-Headers:
      - X-Nuage-Organization, X-Nuage-ProxyUser, X-Nuage-OrderBy, X-Nuage-FilterType,
        X-Nuage-Filter, X-Nuage-Page, X-Nuage-PageSize, X-Nuage-Count, X-Nuage-Custom,
        X-Nuage-ClientType
      Content-Length:
      - '0'
      Date:
      - Wed, 11 Jul 2018 06:35:06 GMT
    body:
      encoding: ASCII-8BIT
      string: ''
    http_version:
  recorded_at: Wed, 11 Jul 2018 06:35:06 GMT
- request:
    method: get
    uri: https://nuagenetworkhost:8443/nuage/api/v5_0/vports/dd9a4d57-2e24-427b-8aef-4d2925df47b2/policygroups
    body:
      encoding: US-ASCII
      string: ''
    headers:
      Accept:
      - "*/*"
      Accept-Encoding:
      - gzip, deflate
      User-Agent:
      - rest-client/2.0.2 (linux-gnu x86_64) ruby/2.4.3p205
      X-Nuage-Organization:
      - csp
      Content-Type:
      - application/json; charset=UTF-8
      Authorization:
      - Basic eGxhYjpkMTQ2ZmRhYi1jODcwLTQ2MGUtODNjYS1kNjZmMzQ1Yjk4Y2M=
  response:
    status:
      code: 200
      message: OK
    headers:
      Server:
      - Apache-Coyote/1.1
      Pragma:
      - No-cache
      Cache-Control:
      - no-cache
      Expires:
      - Thu, 01 Jan 1970 01:00:00 CET
      Set-Cookie:
      - rememberMe=deleteMe; Path=/nuage; Max-Age=0; Expires=Wed, 11-Jul-2018 07:12:02
        GMT
      Access-Control-Allow-Origin:
      - "*"
      X-Nuage-Orderby:
      - name ASC
      X-Nuage-Count:
      - '1'
      Access-Control-Expose-Headers:
      - X-Nuage-Organization, X-Nuage-ProxyUser, X-Nuage-OrderBy, X-Nuage-FilterType,
        X-Nuage-Filter, X-Nuage-Page, X-Nuage-PageSize, X-Nuage-Count, X-Nuage-Custom,
        X-Nuage-ClientType
      Content-Type:
      - application/json
      Transfer-Encoding:
      - chunked
      Vary:
      - Accept-Encoding
      Date:
      - Thu, 12 Jul 2018 07:12:01 GMT
    body:
      encoding: ASCII-8BIT
      string: |
        [
          {
             "children":null,
             "parentType":"domain",
             "entityScope":"ENTERPRISE",
             "lastUpdatedBy":"aaaaaaaa-bbbb-cccc-dddd-eeeeeeeeeeee",
             "lastUpdatedDate":1531303445000,
             "creationDate":1513023412000,
             "name":"Test Policy Group",
             "description":null,
             "type":"SOFTWARE",
             "external":false,
             "entityState":null,
             "owner":"aaaaaaaa-bbbb-cccc-dddd-eeeeeeeeeeee",
             "ID":"02e072ef-ca95-4164-856d-3ff177b9c13c",
             "parentID":"75ad8ee8-726c-4950-94bc-6a5aab64631d",
             "externalID":null,
             "EVPNCommunityTag":null,
             "templateID":"aaaaaaaa-bbbb-cccc-dddd-eeeeeeeeeeee",
             "policyGroupID":1987103703
          }
        ]
    http_version:
  recorded_at: Thu, 12 Jul 2018 07:12:02 GMT
- request:
    method: get
    uri: https://nuagenetworkhost:8443/nuage/api/v5_0/vports/dd9a4d57-2e24-427b-8aef-4d2925df47b2/policygroups
    body:
      encoding: US-ASCII
      string: ''
    headers:
      Accept:
      - "*/*"
      Accept-Encoding:
      - gzip, deflate
      User-Agent:
      - rest-client/2.0.2 (linux-gnu x86_64) ruby/2.4.3p205
      X-Nuage-Organization:
      - csp
      Content-Type:
      - application/json; charset=UTF-8
      Authorization:
      - Basic eGxhYjpkMTQ2ZmRhYi1jODcwLTQ2MGUtODNjYS1kNjZmMzQ1Yjk4Y2M=
  response:
    status:
      code: 200
      message: OK
    headers:
      Server:
      - Apache-Coyote/1.1
      Pragma:
      - No-cache
      Cache-Control:
      - no-cache
      Expires:
      - Thu, 01 Jan 1970 01:00:00 CET
      Set-Cookie:
      - rememberMe=deleteMe; Path=/nuage; Max-Age=0; Expires=Wed, 11-Jul-2018 07:12:02
        GMT
      Access-Control-Allow-Origin:
      - "*"
      X-Nuage-Orderby:
      - name ASC
      X-Nuage-Count:
      - '1'
      Access-Control-Expose-Headers:
      - X-Nuage-Organization, X-Nuage-ProxyUser, X-Nuage-OrderBy, X-Nuage-FilterType,
        X-Nuage-Filter, X-Nuage-Page, X-Nuage-PageSize, X-Nuage-Count, X-Nuage-Custom,
        X-Nuage-ClientType
      Content-Type:
      - application/json
      Transfer-Encoding:
      - chunked
      Vary:
      - Accept-Encoding
      Date:
      - Thu, 12 Jul 2018 07:12:01 GMT
    body:
      encoding: ASCII-8BIT
      string: |
        [
          {
             "children":null,
             "parentType":"domain",
             "entityScope":"ENTERPRISE",
             "lastUpdatedBy":"aaaaaaaa-bbbb-cccc-dddd-eeeeeeeeeeee",
             "lastUpdatedDate":1531303445000,
             "creationDate":1513023412000,
             "name":"Test Policy Group",
             "description":null,
             "type":"SOFTWARE",
             "external":false,
             "entityState":null,
             "owner":"aaaaaaaa-bbbb-cccc-dddd-eeeeeeeeeeee",
             "ID":"02e072ef-ca95-4164-856d-3ff177b9c13c",
             "parentID":"75ad8ee8-726c-4950-94bc-6a5aab64631d",
             "externalID":null,
             "EVPNCommunityTag":null,
             "templateID":"aaaaaaaa-bbbb-cccc-dddd-eeeeeeeeeeee",
             "policyGroupID":1987103703
          }
        ]
    http_version:
  recorded_at: Thu, 12 Jul 2018 07:12:02 GMT
- request:
    method: get
    uri: https://nuagenetworkhost:8443/nuage/api/v5_0/vports/dd9a4d57-2e24-427b-8aef-4d2925df47b2/containerinterfaces
    body:
      encoding: US-ASCII
      string: ''
    headers:
      Accept:
      - "*/*"
      Accept-Encoding:
      - gzip, deflate
      User-Agent:
      - rest-client/2.0.2 (linux-gnu x86_64) ruby/2.4.3p205
      X-Nuage-Organization:
      - csp
      Content-Type:
      - application/json; charset=UTF-8
      Authorization:
      - Basic eGxhYjpkMTQ2ZmRhYi1jODcwLTQ2MGUtODNjYS1kNjZmMzQ1Yjk4Y2M=
  response:
    status:
      code: 200
      message: OK
    headers:
      Server:
      - Apache-Coyote/1.1
      Pragma:
      - No-cache
      Cache-Control:
      - no-cache
      Expires:
      - Thu, 01 Jan 1970 01:00:00 CET
      Set-Cookie:
      - rememberMe=deleteMe; Path=/nuage; Max-Age=0; Expires=Wed, 11-Jul-2018 07:12:02
        GMT
      Access-Control-Allow-Origin:
      - "*"
      X-Nuage-Orderby:
      - name ASC
      X-Nuage-Count:
      - '0'
      Access-Control-Expose-Headers:
      - X-Nuage-Organization, X-Nuage-ProxyUser, X-Nuage-OrderBy, X-Nuage-FilterType,
        X-Nuage-Filter, X-Nuage-Page, X-Nuage-PageSize, X-Nuage-Count, X-Nuage-Custom,
        X-Nuage-ClientType
      Content-Length:
      - '0'
      Date:
      - Thu, 12 Jul 2018 07:12:01 GMT
    body:
      encoding: UTF-8
      string: |
        [
          {
            "children":null,
            "parentType":"vport",
            "entityScope":"ENTERPRISE",
            "lastUpdatedBy":"aaaaaaaa-bbbb-cccc-dddd-eeeeeeeeeeee",
            "lastUpdatedDate":1528395206000,
            "creationDate":1528395192000,
            "name":"Demo Container Interface",
            "policyDecisionID":null,
            "domainName":"Some Domain Name",
            "zoneName":"HOST zone",
            "attachedNetworkType":"SUBNET",
            "netmask":"255.255.255.0",
            "gateway":"10.98.80.1",
            "networkName":"VmNet",
            "owner":"8a6f0e20-a4db-4878-ad84-9cc61756cd5e",
            "ID":"aaaaaaaa-bbbb-cccc-dddd-eeeeeeeeeeee",
            "parentID":"15d1369e-9553-4e83-8bb9-3a6c269f81ae",
            "externalID":null,
            "IPAddress":"10.98.80.100",
            "IPv6Address":null,
            "MAC":"00:05:06:07:00:11",
            "domainID":"aaaaaaaa-bbbb-cccc-dddd-eeeeeeeeeeee",
            "attachedNetworkID":"aaaaaaaa-bbbb-cccc-dddd-eeeeeeeeeeee",
            "zoneID":"aaaaaaaa-bbbb-cccc-dddd-eeeeeeeeeeee",
            "VPortID":"15d1369e-9553-4e83-8bb9-3a6c269f81ae",
            "tierID":null,
            "IPv6Gateway":null,
            "VPortName":"VM VPort Demo"
          }
        ]
    http_version:
  recorded_at: Thu, 12 Jul 2018 07:12:02 GMT
- request:
    method: get
    uri: https://nuagenetworkhost:8443/nuage/api/v5_0/vports/dd9a4d57-2e24-427b-8aef-4d2925df47b2/containerinterfaces
    body:
      encoding: US-ASCII
      string: ''
    headers:
      Accept:
      - "*/*"
      Accept-Encoding:
      - gzip, deflate
      User-Agent:
      - rest-client/2.0.2 (linux-gnu x86_64) ruby/2.4.3p205
      X-Nuage-Organization:
      - csp
      Content-Type:
      - application/json; charset=UTF-8
      Authorization:
      - Basic eGxhYjpkMTQ2ZmRhYi1jODcwLTQ2MGUtODNjYS1kNjZmMzQ1Yjk4Y2M=
  response:
    status:
      code: 200
      message: OK
    headers:
      Server:
      - Apache-Coyote/1.1
      Pragma:
      - No-cache
      Cache-Control:
      - no-cache
      Expires:
      - Thu, 01 Jan 1970 01:00:00 CET
      Set-Cookie:
      - rememberMe=deleteMe; Path=/nuage; Max-Age=0; Expires=Wed, 11-Jul-2018 07:12:02
        GMT
      Access-Control-Allow-Origin:
      - "*"
      X-Nuage-Orderby:
      - name ASC
      X-Nuage-Count:
      - '0'
      Access-Control-Expose-Headers:
      - X-Nuage-Organization, X-Nuage-ProxyUser, X-Nuage-OrderBy, X-Nuage-FilterType,
        X-Nuage-Filter, X-Nuage-Page, X-Nuage-PageSize, X-Nuage-Count, X-Nuage-Custom,
        X-Nuage-ClientType
      Content-Length:
      - '0'
      Date:
      - Thu, 12 Jul 2018 07:12:01 GMT
    body:
      encoding: UTF-8
      string: |
        [
          {
            "children":null,
            "parentType":"vport",
            "entityScope":"ENTERPRISE",
            "lastUpdatedBy":"aaaaaaaa-bbbb-cccc-dddd-eeeeeeeeeeee",
            "lastUpdatedDate":1528395206000,
            "creationDate":1528395192000,
            "name":"Demo Container Interface",
            "policyDecisionID":null,
            "domainName":"Some Domain Name",
            "zoneName":"HOST zone",
            "attachedNetworkType":"SUBNET",
            "netmask":"255.255.255.0",
            "gateway":"10.98.80.1",
            "networkName":"VmNet",
            "owner":"8a6f0e20-a4db-4878-ad84-9cc61756cd5e",
            "ID":"aaaaaaaa-bbbb-cccc-dddd-eeeeeeeeeeee",
            "parentID":"15d1369e-9553-4e83-8bb9-3a6c269f81ae",
            "externalID":null,
            "IPAddress":"10.98.80.100",
            "IPv6Address":null,
            "MAC":"00:05:06:07:00:11",
            "domainID":"aaaaaaaa-bbbb-cccc-dddd-eeeeeeeeeeee",
            "attachedNetworkID":"aaaaaaaa-bbbb-cccc-dddd-eeeeeeeeeeee",
            "zoneID":"aaaaaaaa-bbbb-cccc-dddd-eeeeeeeeeeee",
            "VPortID":"15d1369e-9553-4e83-8bb9-3a6c269f81ae",
            "tierID":null,
            "IPv6Gateway":null,
            "VPortName":"VM VPort Demo"
          }
        ]
    http_version:
  recorded_at: Thu, 12 Jul 2018 07:12:02 GMT
- request:
    method: get
    uri: https://nuagenetworkhost:8443/nuage/api/v5_0/vports/15d1369e-9553-4e83-8bb9-3a6c269f81ae/policygroups
    body:
      encoding: US-ASCII
      string: ''
    headers:
      Accept:
      - "*/*"
      Accept-Encoding:
      - gzip, deflate
      User-Agent:
      - rest-client/2.0.2 (linux-gnu x86_64) ruby/2.4.3p205
      X-Nuage-Organization:
      - csp
      Content-Type:
      - application/json; charset=UTF-8
      Authorization:
      - Basic eGxhYjpkMTQ2ZmRhYi1jODcwLTQ2MGUtODNjYS1kNjZmMzQ1Yjk4Y2M=
  response:
    status:
      code: 200
      message: OK
    headers:
      Server:
      - Apache-Coyote/1.1
      Pragma:
      - No-cache
      Cache-Control:
      - no-cache
      Expires:
      - Thu, 01 Jan 1970 01:00:00 CET
      Set-Cookie:
      - rememberMe=deleteMe; Path=/nuage; Max-Age=0; Expires=Wed, 11-Jul-2018 07:12:02
        GMT
      Access-Control-Allow-Origin:
      - "*"
      X-Nuage-Orderby:
      - name ASC
      X-Nuage-Count:
      - '2'
      Access-Control-Expose-Headers:
      - X-Nuage-Organization, X-Nuage-ProxyUser, X-Nuage-OrderBy, X-Nuage-FilterType,
        X-Nuage-Filter, X-Nuage-Page, X-Nuage-PageSize, X-Nuage-Count, X-Nuage-Custom,
        X-Nuage-ClientType
      Content-Type:
      - application/json
      Transfer-Encoding:
      - chunked
      Vary:
      - Accept-Encoding
      Date:
      - Thu, 12 Jul 2018 07:12:01 GMT
    body:
      encoding: ASCII-8BIT
      string: |
        [
          {
             "children":null,
             "parentType":"domain",
             "entityScope":"ENTERPRISE",
             "lastUpdatedBy":"aaaaaaaa-bbbb-cccc-dddd-eeeeeeeeeeee",
             "lastUpdatedDate":1531303445000,
             "creationDate":1513023412000,
             "name":"Test Policy Group",
             "description":null,
             "type":"SOFTWARE",
             "external":false,
             "entityState":null,
             "owner":"aaaaaaaa-bbbb-cccc-dddd-eeeeeeeeeeee",
             "ID":"02e072ef-ca95-4164-856d-3ff177b9c13c",
             "parentID":"75ad8ee8-726c-4950-94bc-6a5aab64631d",
             "externalID":null,
             "EVPNCommunityTag":null,
             "templateID":"aaaaaaaa-bbbb-cccc-dddd-eeeeeeeeeeee",
             "policyGroupID":1987103703
          }
        ]
    http_version:
  recorded_at: Thu, 12 Jul 2018 07:12:02 GMT
- request:
    method: get
    uri: https://nuagenetworkhost:8443/nuage/api/v5_0/vports/15d1369e-9553-4e83-8bb9-3a6c269f81ae/policygroups
    body:
      encoding: US-ASCII
      string: ''
    headers:
      Accept:
      - "*/*"
      Accept-Encoding:
      - gzip, deflate
      User-Agent:
      - rest-client/2.0.2 (linux-gnu x86_64) ruby/2.4.3p205
      X-Nuage-Organization:
      - csp
      Content-Type:
      - application/json; charset=UTF-8
      Authorization:
      - Basic eGxhYjpkMTQ2ZmRhYi1jODcwLTQ2MGUtODNjYS1kNjZmMzQ1Yjk4Y2M=
  response:
    status:
      code: 200
      message: OK
    headers:
      Server:
      - Apache-Coyote/1.1
      Pragma:
      - No-cache
      Cache-Control:
      - no-cache
      Expires:
      - Thu, 01 Jan 1970 01:00:00 CET
      Set-Cookie:
      - rememberMe=deleteMe; Path=/nuage; Max-Age=0; Expires=Wed, 11-Jul-2018 07:12:02
        GMT
      Access-Control-Allow-Origin:
      - "*"
      X-Nuage-Orderby:
      - name ASC
      X-Nuage-Count:
      - '2'
      Access-Control-Expose-Headers:
      - X-Nuage-Organization, X-Nuage-ProxyUser, X-Nuage-OrderBy, X-Nuage-FilterType,
        X-Nuage-Filter, X-Nuage-Page, X-Nuage-PageSize, X-Nuage-Count, X-Nuage-Custom,
        X-Nuage-ClientType
      Content-Type:
      - application/json
      Transfer-Encoding:
      - chunked
      Vary:
      - Accept-Encoding
      Date:
      - Thu, 12 Jul 2018 07:12:01 GMT
    body:
      encoding: ASCII-8BIT
      string: |
        [
          {
             "children":null,
             "parentType":"domain",
             "entityScope":"ENTERPRISE",
             "lastUpdatedBy":"aaaaaaaa-bbbb-cccc-dddd-eeeeeeeeeeee",
             "lastUpdatedDate":1531303445000,
             "creationDate":1513023412000,
             "name":"Test Policy Group",
             "description":null,
             "type":"SOFTWARE",
             "external":false,
             "entityState":null,
             "owner":"aaaaaaaa-bbbb-cccc-dddd-eeeeeeeeeeee",
             "ID":"02e072ef-ca95-4164-856d-3ff177b9c13c",
             "parentID":"75ad8ee8-726c-4950-94bc-6a5aab64631d",
             "externalID":null,
             "EVPNCommunityTag":null,
             "templateID":"aaaaaaaa-bbbb-cccc-dddd-eeeeeeeeeeee",
             "policyGroupID":1987103703
          }
        ]
    http_version:
  recorded_at: Thu, 12 Jul 2018 07:12:02 GMT
- request:
    method: get
    uri: https://nuagenetworkhost:8443/nuage/api/v5_0/vports/15d1369e-9553-4e83-8bb9-3a6c269f81ae/vminterfaces
    body:
      encoding: US-ASCII
      string: ''
    headers:
      Accept:
      - "*/*"
      Accept-Encoding:
      - gzip, deflate
      User-Agent:
      - rest-client/2.0.2 (linux-gnu x86_64) ruby/2.4.3p205
      X-Nuage-Organization:
      - csp
      Content-Type:
      - application/json; charset=UTF-8
      Authorization:
      - Basic eGxhYjpkMTQ2ZmRhYi1jODcwLTQ2MGUtODNjYS1kNjZmMzQ1Yjk4Y2M=
  response:
    status:
      code: 200
      message: OK
    headers:
      Server:
      - Apache-Coyote/1.1
      Pragma:
      - No-cache
      Cache-Control:
      - no-cache
      Expires:
      - Thu, 01 Jan 1970 01:00:00 CET
      Set-Cookie:
      - rememberMe=deleteMe; Path=/nuage; Max-Age=0; Expires=Wed, 11-Jul-2018 07:12:02
        GMT
      Access-Control-Allow-Origin:
      - "*"
      X-Nuage-Orderby:
      - name ASC
      X-Nuage-Count:
      - '0'
      Access-Control-Expose-Headers:
      - X-Nuage-Organization, X-Nuage-ProxyUser, X-Nuage-OrderBy, X-Nuage-FilterType,
        X-Nuage-Filter, X-Nuage-Page, X-Nuage-PageSize, X-Nuage-Count, X-Nuage-Custom,
        X-Nuage-ClientType
      Content-Length:
      - '0'
      Date:
      - Thu, 12 Jul 2018 07:12:02 GMT
    body:
      encoding: UTF-8
      string: |
        [
          {
            "children":null,
            "parentType":"vport",
            "entityScope":"ENTERPRISE",
            "lastUpdatedBy":"8a6f0e20-a4db-4878-ad84-9cc61756cd5e",
            "lastUpdatedDate":1528395206000,
            "creationDate":1528395192000,
            "name":"Demo VM Interface",
            "policyDecisionID":null,
            "domainName":"Some Domain Name",
            "zoneName":"HOST zone",
            "attachedNetworkType":"SUBNET",
            "netmask":"255.255.255.0",
            "gateway":"10.98.78.1",
            "networkName":"VmNet",
            "owner":"8a6f0e20-a4db-4878-ad84-9cc61756cd5e",
            "ID":"aaaaaaaa-bbbb-cccc-dddd-eeeeeeeeeeee",
            "parentID":"15d1369e-9553-4e83-8bb9-3a6c269f81ae",
            "externalID":null,
            "IPAddress":"10.98.78.179",
            "IPv6Address":null,
            "MAC":"00:05:06:07:08:99",
            "domainID":"aaaaaaaa-bbbb-cccc-dddd-eeeeeeeeeeee",
            "attachedNetworkID":"aaaaaaaa-bbbb-cccc-dddd-eeeeeeeeeeee",
            "zoneID":"aaaaaaaa-bbbb-cccc-dddd-eeeeeeeeeeee",
            "VPortID":"15d1369e-9553-4e83-8bb9-3a6c269f81ae",
            "tierID":null,
            "IPv6Gateway":null,
            "VPortName":"VM VPort Demo"
          }
        ]
    http_version:
  recorded_at: Thu, 12 Jul 2018 07:12:02 GMT
- request:
    method: get
    uri: https://nuagenetworkhost:8443/nuage/api/v5_0/vports/15d1369e-9553-4e83-8bb9-3a6c269f81ae/vminterfaces
    body:
      encoding: US-ASCII
      string: ''
    headers:
      Accept:
      - "*/*"
      Accept-Encoding:
      - gzip, deflate
      User-Agent:
      - rest-client/2.0.2 (linux-gnu x86_64) ruby/2.4.3p205
      X-Nuage-Organization:
      - csp
      Content-Type:
      - application/json; charset=UTF-8
      Authorization:
      - Basic eGxhYjpkMTQ2ZmRhYi1jODcwLTQ2MGUtODNjYS1kNjZmMzQ1Yjk4Y2M=
  response:
    status:
      code: 200
      message: OK
    headers:
      Server:
      - Apache-Coyote/1.1
      Pragma:
      - No-cache
      Cache-Control:
      - no-cache
      Expires:
      - Thu, 01 Jan 1970 01:00:00 CET
      Set-Cookie:
      - rememberMe=deleteMe; Path=/nuage; Max-Age=0; Expires=Wed, 11-Jul-2018 07:12:02
        GMT
      Access-Control-Allow-Origin:
      - "*"
      X-Nuage-Orderby:
      - name ASC
      X-Nuage-Count:
      - '0'
      Access-Control-Expose-Headers:
      - X-Nuage-Organization, X-Nuage-ProxyUser, X-Nuage-OrderBy, X-Nuage-FilterType,
        X-Nuage-Filter, X-Nuage-Page, X-Nuage-PageSize, X-Nuage-Count, X-Nuage-Custom,
        X-Nuage-ClientType
      Content-Length:
      - '0'
      Date:
      - Thu, 12 Jul 2018 07:12:02 GMT
    body:
      encoding: UTF-8
      string: |
        [
          {
            "children":null,
            "parentType":"vport",
            "entityScope":"ENTERPRISE",
            "lastUpdatedBy":"8a6f0e20-a4db-4878-ad84-9cc61756cd5e",
            "lastUpdatedDate":1528395206000,
            "creationDate":1528395192000,
            "name":"Demo VM Interface",
            "policyDecisionID":null,
            "domainName":"Some Domain Name",
            "zoneName":"HOST zone",
            "attachedNetworkType":"SUBNET",
            "netmask":"255.255.255.0",
            "gateway":"10.98.78.1",
            "networkName":"VmNet",
            "owner":"8a6f0e20-a4db-4878-ad84-9cc61756cd5e",
            "ID":"aaaaaaaa-bbbb-cccc-dddd-eeeeeeeeeeee",
            "parentID":"15d1369e-9553-4e83-8bb9-3a6c269f81ae",
            "externalID":null,
            "IPAddress":"10.98.78.179",
            "IPv6Address":null,
            "MAC":"00:05:06:07:08:99",
            "domainID":"aaaaaaaa-bbbb-cccc-dddd-eeeeeeeeeeee",
            "attachedNetworkID":"aaaaaaaa-bbbb-cccc-dddd-eeeeeeeeeeee",
            "zoneID":"aaaaaaaa-bbbb-cccc-dddd-eeeeeeeeeeee",
            "VPortID":"15d1369e-9553-4e83-8bb9-3a6c269f81ae",
            "tierID":null,
            "IPv6Gateway":null,
            "VPortName":"VM VPort Demo"
          }
        ]
    http_version:
  recorded_at: Thu, 12 Jul 2018 07:12:02 GMT
- request:
    method: get
    uri: https://nuagenetworkhost:8443/nuage/api/v5_0/vports/43b7faad-2c76-4945-9412-66a04bde7b6a/policygroups
    body:
      encoding: US-ASCII
      string: ''
    headers:
      Accept:
      - "*/*"
      Accept-Encoding:
      - gzip, deflate
      User-Agent:
      - rest-client/2.0.2 (linux-gnu x86_64) ruby/2.4.3p205
      X-Nuage-Organization:
      - csp
      Content-Type:
      - application/json; charset=UTF-8
      Authorization:
      - Basic eGxhYjpkMTQ2ZmRhYi1jODcwLTQ2MGUtODNjYS1kNjZmMzQ1Yjk4Y2M=
  response:
    status:
      code: 200
      message: OK
    headers:
      Server:
      - Apache-Coyote/1.1
      Pragma:
      - No-cache
      Cache-Control:
      - no-cache
      Expires:
      - Thu, 01 Jan 1970 01:00:00 CET
      Set-Cookie:
      - rememberMe=deleteMe; Path=/nuage; Max-Age=0; Expires=Wed, 11-Jul-2018 07:12:02
        GMT
      Access-Control-Allow-Origin:
      - "*"
      X-Nuage-Orderby:
      - name ASC
      X-Nuage-Count:
      - '0'
      Access-Control-Expose-Headers:
      - X-Nuage-Organization, X-Nuage-ProxyUser, X-Nuage-OrderBy, X-Nuage-FilterType,
        X-Nuage-Filter, X-Nuage-Page, X-Nuage-PageSize, X-Nuage-Count, X-Nuage-Custom,
        X-Nuage-ClientType
      Content-Length:
      - '0'
      Date:
      - Thu, 12 Jul 2018 07:12:02 GMT
    body:
      encoding: UTF-8
      string: |
        [
          {
             "children":null,
             "parentType":"domain",
             "entityScope":"ENTERPRISE",
             "lastUpdatedBy":"aaaaaaaa-bbbb-cccc-dddd-eeeeeeeeeeee",
             "lastUpdatedDate":1531303445000,
             "creationDate":1513023412000,
             "name":"Test Policy Group",
             "description":null,
             "type":"SOFTWARE",
             "external":false,
             "entityState":null,
             "owner":"aaaaaaaa-bbbb-cccc-dddd-eeeeeeeeeeee",
             "ID":"02e072ef-ca95-4164-856d-3ff177b9c13c",
             "parentID":"75ad8ee8-726c-4950-94bc-6a5aab64631d",
             "externalID":null,
             "EVPNCommunityTag":null,
             "templateID":"aaaaaaaa-bbbb-cccc-dddd-eeeeeeeeeeee",
             "policyGroupID":1987103703
          }
        ]
    http_version:
  recorded_at: Thu, 12 Jul 2018 07:12:02 GMT
- request:
    method: get
    uri: https://nuagenetworkhost:8443/nuage/api/v5_0/vports/43b7faad-2c76-4945-9412-66a04bde7b6a/policygroups
    body:
      encoding: US-ASCII
      string: ''
    headers:
      Accept:
      - "*/*"
      Accept-Encoding:
      - gzip, deflate
      User-Agent:
      - rest-client/2.0.2 (linux-gnu x86_64) ruby/2.4.3p205
      X-Nuage-Organization:
      - csp
      Content-Type:
      - application/json; charset=UTF-8
      Authorization:
      - Basic eGxhYjpkMTQ2ZmRhYi1jODcwLTQ2MGUtODNjYS1kNjZmMzQ1Yjk4Y2M=
  response:
    status:
      code: 200
      message: OK
    headers:
      Server:
      - Apache-Coyote/1.1
      Pragma:
      - No-cache
      Cache-Control:
      - no-cache
      Expires:
      - Thu, 01 Jan 1970 01:00:00 CET
      Set-Cookie:
      - rememberMe=deleteMe; Path=/nuage; Max-Age=0; Expires=Wed, 11-Jul-2018 07:12:02
        GMT
      Access-Control-Allow-Origin:
      - "*"
      X-Nuage-Orderby:
      - name ASC
      X-Nuage-Count:
      - '0'
      Access-Control-Expose-Headers:
      - X-Nuage-Organization, X-Nuage-ProxyUser, X-Nuage-OrderBy, X-Nuage-FilterType,
        X-Nuage-Filter, X-Nuage-Page, X-Nuage-PageSize, X-Nuage-Count, X-Nuage-Custom,
        X-Nuage-ClientType
      Content-Length:
      - '0'
      Date:
      - Thu, 12 Jul 2018 07:12:02 GMT
    body:
      encoding: UTF-8
      string: |
        [
          {
             "children":null,
             "parentType":"domain",
             "entityScope":"ENTERPRISE",
             "lastUpdatedBy":"aaaaaaaa-bbbb-cccc-dddd-eeeeeeeeeeee",
             "lastUpdatedDate":1531303445000,
             "creationDate":1513023412000,
             "name":"Test Policy Group",
             "description":null,
             "type":"SOFTWARE",
             "external":false,
             "entityState":null,
             "owner":"aaaaaaaa-bbbb-cccc-dddd-eeeeeeeeeeee",
             "ID":"02e072ef-ca95-4164-856d-3ff177b9c13c",
             "parentID":"75ad8ee8-726c-4950-94bc-6a5aab64631d",
             "externalID":null,
             "EVPNCommunityTag":null,
             "templateID":"aaaaaaaa-bbbb-cccc-dddd-eeeeeeeeeeee",
             "policyGroupID":1987103703
          }
        ]
    http_version:
  recorded_at: Thu, 12 Jul 2018 07:12:02 GMT
- request:
    method: get
    uri: https://nuagenetworkhost:8443/nuage/api/v5_0/vports/b19075d3-a797-4dcd-93be-de52b4247e46/policygroups
    body:
      encoding: US-ASCII
      string: ''
    headers:
      Accept:
      - "*/*"
      Accept-Encoding:
      - gzip, deflate
      User-Agent:
      - rest-client/2.0.2 (linux-gnu x86_64) ruby/2.4.3p205
      X-Nuage-Organization:
      - csp
      Content-Type:
      - application/json; charset=UTF-8
      Authorization:
      - Basic eGxhYjpkMTQ2ZmRhYi1jODcwLTQ2MGUtODNjYS1kNjZmMzQ1Yjk4Y2M=
  response:
    status:
      code: 200
      message: OK
    headers:
      Server:
      - Apache-Coyote/1.1
      Pragma:
      - No-cache
      Cache-Control:
      - no-cache
      Expires:
      - Thu, 01 Jan 1970 01:00:00 CET
      Set-Cookie:
      - rememberMe=deleteMe; Path=/nuage; Max-Age=0; Expires=Wed, 11-Jul-2018 07:12:02
        GMT
      Access-Control-Allow-Origin:
      - "*"
      X-Nuage-Orderby:
      - name ASC
      X-Nuage-Count:
      - '0'
      Access-Control-Expose-Headers:
      - X-Nuage-Organization, X-Nuage-ProxyUser, X-Nuage-OrderBy, X-Nuage-FilterType,
        X-Nuage-Filter, X-Nuage-Page, X-Nuage-PageSize, X-Nuage-Count, X-Nuage-Custom,
        X-Nuage-ClientType
      Content-Length:
      - '0'
      Date:
      - Thu, 12 Jul 2018 07:12:02 GMT
    body:
      encoding: UTF-8
      string: |
        [
          {
             "children":null,
             "parentType":"domain",
             "entityScope":"ENTERPRISE",
             "lastUpdatedBy":"aaaaaaaa-bbbb-cccc-dddd-eeeeeeeeeeee",
             "lastUpdatedDate":1531303445000,
             "creationDate":1513023412000,
             "name":"Test Policy Group",
             "description":null,
             "type":"SOFTWARE",
             "external":false,
             "entityState":null,
             "owner":"aaaaaaaa-bbbb-cccc-dddd-eeeeeeeeeeee",
             "ID":"02e072ef-ca95-4164-856d-3ff177b9c13c",
             "parentID":"75ad8ee8-726c-4950-94bc-6a5aab64631d",
             "externalID":null,
             "EVPNCommunityTag":null,
             "templateID":"aaaaaaaa-bbbb-cccc-dddd-eeeeeeeeeeee",
             "policyGroupID":1987103703
          }
        ]
    http_version:
  recorded_at: Thu, 12 Jul 2018 07:12:02 GMT
- request:
    method: get
    uri: https://nuagenetworkhost:8443/nuage/api/v5_0/vports/b19075d3-a797-4dcd-93be-de52b4247e46/policygroups
    body:
      encoding: US-ASCII
      string: ''
    headers:
      Accept:
      - "*/*"
      Accept-Encoding:
      - gzip, deflate
      User-Agent:
      - rest-client/2.0.2 (linux-gnu x86_64) ruby/2.4.3p205
      X-Nuage-Organization:
      - csp
      Content-Type:
      - application/json; charset=UTF-8
      Authorization:
      - Basic eGxhYjpkMTQ2ZmRhYi1jODcwLTQ2MGUtODNjYS1kNjZmMzQ1Yjk4Y2M=
  response:
    status:
      code: 200
      message: OK
    headers:
      Server:
      - Apache-Coyote/1.1
      Pragma:
      - No-cache
      Cache-Control:
      - no-cache
      Expires:
      - Thu, 01 Jan 1970 01:00:00 CET
      Set-Cookie:
      - rememberMe=deleteMe; Path=/nuage; Max-Age=0; Expires=Wed, 11-Jul-2018 07:12:02
        GMT
      Access-Control-Allow-Origin:
      - "*"
      X-Nuage-Orderby:
      - name ASC
      X-Nuage-Count:
      - '0'
      Access-Control-Expose-Headers:
      - X-Nuage-Organization, X-Nuage-ProxyUser, X-Nuage-OrderBy, X-Nuage-FilterType,
        X-Nuage-Filter, X-Nuage-Page, X-Nuage-PageSize, X-Nuage-Count, X-Nuage-Custom,
        X-Nuage-ClientType
      Content-Length:
      - '0'
      Date:
      - Thu, 12 Jul 2018 07:12:02 GMT
    body:
      encoding: UTF-8
      string: |
        [
          {
             "children":null,
             "parentType":"domain",
             "entityScope":"ENTERPRISE",
             "lastUpdatedBy":"aaaaaaaa-bbbb-cccc-dddd-eeeeeeeeeeee",
             "lastUpdatedDate":1531303445000,
             "creationDate":1513023412000,
             "name":"Test Policy Group",
             "description":null,
             "type":"SOFTWARE",
             "external":false,
             "entityState":null,
             "owner":"aaaaaaaa-bbbb-cccc-dddd-eeeeeeeeeeee",
             "ID":"02e072ef-ca95-4164-856d-3ff177b9c13c",
             "parentID":"75ad8ee8-726c-4950-94bc-6a5aab64631d",
             "externalID":null,
             "EVPNCommunityTag":null,
             "templateID":"aaaaaaaa-bbbb-cccc-dddd-eeeeeeeeeeee",
             "policyGroupID":1987103703
          }
        ]
    http_version:
  recorded_at: Thu, 12 Jul 2018 07:12:02 GMT
- request:
    method: get
    uri: https://nuagenetworkhost:8443/nuage/api/v5_0/vports/b19075d3-a797-4dcd-93be-de52b4247e46/hostinterfaces
    body:
      encoding: US-ASCII
      string: ''
    headers:
      Accept:
      - "*/*"
      Accept-Encoding:
      - gzip, deflate
      User-Agent:
      - rest-client/2.0.2 (linux-gnu x86_64) ruby/2.4.3p205
      X-Nuage-Organization:
      - csp
      Content-Type:
      - application/json; charset=UTF-8
      Authorization:
      - Basic eGxhYjpkMTQ2ZmRhYi1jODcwLTQ2MGUtODNjYS1kNjZmMzQ1Yjk4Y2M=
  response:
    status:
      code: 200
      message: OK
    headers:
      Server:
      - Apache-Coyote/1.1
      Pragma:
      - No-cache
      Cache-Control:
      - no-cache
      Expires:
      - Thu, 01 Jan 1970 01:00:00 CET
      Set-Cookie:
      - rememberMe=deleteMe; Path=/nuage; Max-Age=0; Expires=Wed, 11-Jul-2018 07:12:03
        GMT
      Access-Control-Allow-Origin:
      - "*"
      X-Nuage-Orderby:
      - ID ASC
      X-Nuage-Count:
      - '1'
      Access-Control-Expose-Headers:
      - X-Nuage-Organization, X-Nuage-ProxyUser, X-Nuage-OrderBy, X-Nuage-FilterType,
        X-Nuage-Filter, X-Nuage-Page, X-Nuage-PageSize, X-Nuage-Count, X-Nuage-Custom,
        X-Nuage-ClientType
      Content-Type:
      - application/json
      Transfer-Encoding:
      - chunked
      Vary:
      - Accept-Encoding
      Date:
      - Thu, 12 Jul 2018 07:12:02 GMT
    body:
      encoding: ASCII-8BIT
      string: |
        [
          {
            "children":null,
            "parentType":"vport",
            "entityScope":"ENTERPRISE",
            "lastUpdatedBy":"8a6f0e20-a4db-4878-ad84-9cc61756cd5e",
            "lastUpdatedDate":1528395206000,
            "creationDate":1528395192000,
            "name":"Host interface 2",
            "policyDecisionID":null,
            "domainName":"BRIDGE-HOST-Example",
            "zoneName":"HOST zone",
            "attachedNetworkType":"SUBNET",
            "netmask":"255.255.255.0",
            "gateway":"10.98.77.1",
            "networkName":"HostNet",
            "owner":"8a6f0e20-a4db-4878-ad84-9cc61756cd5e",
            "ID":"fd0fe9cc-170c-492a-9e18-68ad0c281413",
            "parentID":"b19075d3-a797-4dcd-93be-de52b4247e46",
            "externalID":null,
            "IPAddress":"10.98.77.179",
            "IPv6Address":null,
            "MAC":"00:05:06:07:08:09",
            "domainID":"8010cb8a-e40f-4f68-b27b-503e8befb570",
            "attachedNetworkID":"b443568c-c67f-4ab8-bd9c-a9a1be11464d",
            "zoneID":"505a46cc-979b-4565-8f64-6e73dc9c8bd0",
            "VPortID":"b19075d3-a797-4dcd-93be-de52b4247e46",
            "tierID":null,
            "IPv6Gateway":null,
            "VPortName":"Host VPort 25772231"
          }
        ]
    http_version:
  recorded_at: Thu, 12 Jul 2018 07:12:03 GMT
- request:
    method: get
    uri: https://nuagenetworkhost:8443/nuage/api/v5_0/vports/b19075d3-a797-4dcd-93be-de52b4247e46/hostinterfaces
    body:
      encoding: US-ASCII
      string: ''
    headers:
      Accept:
      - "*/*"
      Accept-Encoding:
      - gzip, deflate
      User-Agent:
      - rest-client/2.0.2 (linux-gnu x86_64) ruby/2.4.3p205
      X-Nuage-Organization:
      - csp
      Content-Type:
      - application/json; charset=UTF-8
      Authorization:
      - Basic eGxhYjpkMTQ2ZmRhYi1jODcwLTQ2MGUtODNjYS1kNjZmMzQ1Yjk4Y2M=
  response:
    status:
      code: 200
      message: OK
    headers:
      Server:
      - Apache-Coyote/1.1
      Pragma:
      - No-cache
      Cache-Control:
      - no-cache
      Expires:
      - Thu, 01 Jan 1970 01:00:00 CET
      Set-Cookie:
      - rememberMe=deleteMe; Path=/nuage; Max-Age=0; Expires=Wed, 11-Jul-2018 07:12:03
        GMT
      Access-Control-Allow-Origin:
      - "*"
      X-Nuage-Orderby:
      - ID ASC
      X-Nuage-Count:
      - '1'
      Access-Control-Expose-Headers:
      - X-Nuage-Organization, X-Nuage-ProxyUser, X-Nuage-OrderBy, X-Nuage-FilterType,
        X-Nuage-Filter, X-Nuage-Page, X-Nuage-PageSize, X-Nuage-Count, X-Nuage-Custom,
        X-Nuage-ClientType
      Content-Type:
      - application/json
      Transfer-Encoding:
      - chunked
      Vary:
      - Accept-Encoding
      Date:
      - Thu, 12 Jul 2018 07:12:02 GMT
    body:
      encoding: ASCII-8BIT
      string: |
        [
          {
            "children":null,
            "parentType":"vport",
            "entityScope":"ENTERPRISE",
            "lastUpdatedBy":"8a6f0e20-a4db-4878-ad84-9cc61756cd5e",
            "lastUpdatedDate":1528395206000,
            "creationDate":1528395192000,
            "name":"Host interface 2",
            "policyDecisionID":null,
            "domainName":"BRIDGE-HOST-Example",
            "zoneName":"HOST zone",
            "attachedNetworkType":"SUBNET",
            "netmask":"255.255.255.0",
            "gateway":"10.98.77.1",
            "networkName":"HostNet",
            "owner":"8a6f0e20-a4db-4878-ad84-9cc61756cd5e",
            "ID":"fd0fe9cc-170c-492a-9e18-68ad0c281413",
            "parentID":"b19075d3-a797-4dcd-93be-de52b4247e46",
            "externalID":null,
            "IPAddress":"10.98.77.179",
            "IPv6Address":null,
            "MAC":"00:05:06:07:08:09",
            "domainID":"8010cb8a-e40f-4f68-b27b-503e8befb570",
            "attachedNetworkID":"b443568c-c67f-4ab8-bd9c-a9a1be11464d",
            "zoneID":"505a46cc-979b-4565-8f64-6e73dc9c8bd0",
            "VPortID":"b19075d3-a797-4dcd-93be-de52b4247e46",
            "tierID":null,
            "IPv6Gateway":null,
            "VPortName":"Host VPort 25772231"
          }
        ]
    http_version:
  recorded_at: Thu, 12 Jul 2018 07:12:03 GMT
- request:
    method: get
    uri: https://nuagenetworkhost:8443/nuage/api/v5_0/vports/15d1369e-9553-4e83-8bb9-3a6c269f81ae/vms
    body:
      encoding: US-ASCII
      string: ''
    headers:
      Accept:
      - "*/*"
      Accept-Encoding:
      - gzip, deflate
      User-Agent:
      - rest-client/2.0.2 (linux-gnu x86_64) ruby/2.4.4p296
      X-Nuage-Organization:
      - csp
      Content-Type:
      - application/json; charset=UTF-8
      Authorization:
      - Basic YWRtaW46MzU0NDM4YWEtYzcyMy00NDkxLTkwMTQtYmJmNDliYzJhNmEy
  response:
    status:
      code: 200
      message: OK
    headers:
      Server:
      - Apache-Coyote/1.1
      Pragma:
      - No-cache
      Cache-Control:
      - no-cache
      Expires:
      - Wed, 31 Dec 1969 16:00:00 PST
      Set-Cookie:
      - rememberMe=deleteMe; Path=/nuage; Max-Age=0; Expires=Wed, 29-Aug-2018 09:21:46
        GMT
      Access-Control-Allow-Origin:
      - "*"
      X-Nuage-Orderby:
      - name ASC
      X-Nuage-Count:
      - '0'
      Access-Control-Expose-Headers:
      - X-Nuage-Organization, X-Nuage-ProxyUser, X-Nuage-OrderBy, X-Nuage-FilterType,
        X-Nuage-Filter, X-Nuage-Page, X-Nuage-PageSize, X-Nuage-Count, X-Nuage-Custom,
        X-Nuage-ClientType
      Content-Length:
      - '0'
      Date:
      - Thu, 30 Aug 2018 09:21:45 GMT
    body:
      encoding: UTF-8
      string: |
        [
          {
            "children": null,
            "parentType": null,
            "entityScope": "GLOBAL",
            "lastUpdatedBy": "8a6f0e20-a4db-4878-ad84-9cc61756cd5e",
            "lastUpdatedDate": 1528394957000,
            "creationDate": 1528394957000,
            "name": "VM",
            "interfaces": [
                {
                  "children": null,
                  "parentType": "vm",
                  "entityScope": "GLOBAL",
                  "lastUpdatedBy": "8a6f0e20-a4db-4878-ad84-9cc61756cd5e",
                  "lastUpdatedDate": 1528394957000,
                  "creationDate": 1528394957000,
                  "name": "VM-vm-interface-0",
                  "multiNICVPortName": null,
                  "policyDecisionID": null,
                  "domainName": "BRIDGE-HOST-Example",
                  "zoneName": "VM Zone",
                  "attachedNetworkType": "SUBNET",
                  "netmask": "255.255.255.0",
                  "gateway": "10.28.96.1",
                  "networkName": "VMNet",
                  "owner": "8a6f0e20-a4db-4878-ad84-9cc61756cd5e",
                  "ID": "a9e00f77-fdca-4d3a-a702-8e008c4e1fad",
                  "parentID": "4d2c2b5d-5c15-4462-a376-53540ddba69c",
                  "externalID": null,
                  "IPAddress": "10.28.96.124",
                  "IPv6Address": null,
                  "MAC": "00:02:04:08:10:12",
                  "VMUUID": "63012d71-2f59-452f-9ac1-35000926dafc",
                  "domainID": "8010cb8a-e40f-4f68-b27b-503e8befb570",
                  "attachedNetworkID": "3ac16c9f-3fc0-416d-89cf-bb39d10438c1",
                  "zoneID": "646bd2fa-f30a-4ff3-b53b-06a7d1aa3b86",
                  "VPortID": "58bd8977-f5ef-45a8-93e5-2d5cdd91af0b",
                  "tierID": null,
                  "IPv6Gateway": null,
                  "VPortName": "VM-vPort-0"
                }
            ],
            "enterpriseName": "XLAB",
            "userName": "csproot",
            "deleteMode": null,
            "deleteExpiry": 0,
            "computeProvisioned": true,
            "resyncInfo": {
              "children": null,
              "parentType": "vm",
              "entityScope": "GLOBAL",
              "lastUpdatedBy": "8a6f0e20-a4db-4878-ad84-9cc61756cd5e",
              "lastUpdatedDate": 1528394957000,
              "creationDate": 1528394957000,
              "lastTimeResyncInitiated": 0,
              "status": "SUCCESS",
              "lastRequestTimestamp": 1528394957333,
              "owner": "8a6f0e20-a4db-4878-ad84-9cc61756cd5e",
              "ID": "fe52afe3-395a-4a44-a0e8-9e7cf344cbf7",
              "parentID": "4d2c2b5d-5c15-4462-a376-53540ddba69c",
              "externalID": null
            },
            "owner": "8a6f0e20-a4db-4878-ad84-9cc61756cd5e",
            "ID": "4d2c2b5d-5c15-4462-a376-53540ddba69c",
            "parentID": null,
            "externalID": null,
            "UUID": "ref-vmware-vm",
            "status": "INIT",
            "reasonType": null,
            "hypervisorIP": "FFFFFF",
            "siteIdentifier": null,
            "enterpriseID": "e0819464-e7fc-4a37-b29a-e72da7b5956c",
            "userID": "8a6f0e20-a4db-4878-ad84-9cc61756cd5e",
            "domainIDs": [
              "8010cb8a-e40f-4f68-b27b-503e8befb570"
            ],
            "l2DomainIDs": [],
            "zoneIDs": [
              "646bd2fa-f30a-4ff3-b53b-06a7d1aa3b86"
            ],
            "subnetIDs": [
              "3ac16c9f-3fc0-416d-89cf-bb39d10438c1"
            ],
            "VRSID": null,
            "orchestrationID": null
          }
        ]
    http_version:
  recorded_at: Thu, 30 Aug 2018 09:21:46 GMT
recorded_with: VCR 3.0.3
